lds_ledApp.c:58:6:ledApp_init	16	static
lds_ledApp.c:199:6:ledApp_writeFalsh	16	static
lds_ledApp.c:215:6:ledApp_register	32	static
lds_ledApp.c:263:13:CirculationFlashing_led1	16	static
lds_ledApp.c:273:18:CirculationFlashing_led2	16	static
lds_ledApp.c:284:13:CirculationFlashing_led3	16	static
lds_ledApp.c:294:13:CirculationFlashing_led4	16	static
lds_ledApp.c:304:13:CirculationFlashing_led5	16	static
lds_ledApp.c:314:13:CirculationFlashing_led6	16	static
lds_ledApp.c:324:13:fastfalsh_led4_green	16	static
lds_ledApp.c:336:13:fastfalsh_led4_green_off	8	static
lds_ledApp.c:345:6:CirculationFlashing	8	static
lds_ledApp.c:359:6:ledApp_unregister	16	static
lds_ledApp.c:379:6:ledApp_task	24	static
lds_ledApp.c:436:6:ledApp_ticks	16	static
lds_ledApp.c:444:6:ledApp_enable	16	static
lds_ledApp.c:448:6:ledApp_null	8	static
