Archive member included to satisfy reference by file (symbol)

c:/st/stm32cubeide_1.4.0/stm32cubeide/plugins/com.st.stm32cube.ide.mcu.externaltools.gnu-tools-for-stm32.7-2018-q2-update.win32_1.5.0.202011040924/tools/bin/../lib/gcc/arm-none-eabi/7.3.1/../../../../arm-none-eabi/lib/thumb/v6-m\libc_nano.a(lib_a-errno.o)
                              Core/Src/retarget.o (__errno)
c:/st/stm32cubeide_1.4.0/stm32cubeide/plugins/com.st.stm32cube.ide.mcu.externaltools.gnu-tools-for-stm32.7-2018-q2-update.win32_1.5.0.202011040924/tools/bin/../lib/gcc/arm-none-eabi/7.3.1/../../../../arm-none-eabi/lib/thumb/v6-m\libc_nano.a(lib_a-exit.o)
                              c:/st/stm32cubeide_1.4.0/stm32cubeide/plugins/com.st.stm32cube.ide.mcu.externaltools.gnu-tools-for-stm32.7-2018-q2-update.win32_1.5.0.202011040924/tools/bin/../lib/gcc/arm-none-eabi/7.3.1/../../../../arm-none-eabi/lib/thumb/v6-m/crt0.o (exit)
c:/st/stm32cubeide_1.4.0/stm32cubeide/plugins/com.st.stm32cube.ide.mcu.externaltools.gnu-tools-for-stm32.7-2018-q2-update.win32_1.5.0.202011040924/tools/bin/../lib/gcc/arm-none-eabi/7.3.1/../../../../arm-none-eabi/lib/thumb/v6-m\libc_nano.a(lib_a-impure.o)
                              c:/st/stm32cubeide_1.4.0/stm32cubeide/plugins/com.st.stm32cube.ide.mcu.externaltools.gnu-tools-for-stm32.7-2018-q2-update.win32_1.5.0.202011040924/tools/bin/../lib/gcc/arm-none-eabi/7.3.1/../../../../arm-none-eabi/lib/thumb/v6-m\libc_nano.a(lib_a-exit.o) (_global_impure_ptr)
c:/st/stm32cubeide_1.4.0/stm32cubeide/plugins/com.st.stm32cube.ide.mcu.externaltools.gnu-tools-for-stm32.7-2018-q2-update.win32_1.5.0.202011040924/tools/bin/../lib/gcc/arm-none-eabi/7.3.1/../../../../arm-none-eabi/lib/thumb/v6-m\libc_nano.a(lib_a-init.o)
                              c:/st/stm32cubeide_1.4.0/stm32cubeide/plugins/com.st.stm32cube.ide.mcu.externaltools.gnu-tools-for-stm32.7-2018-q2-update.win32_1.5.0.202011040924/tools/bin/../lib/gcc/arm-none-eabi/7.3.1/../../../../arm-none-eabi/lib/thumb/v6-m/crt0.o (__libc_init_array)
c:/st/stm32cubeide_1.4.0/stm32cubeide/plugins/com.st.stm32cube.ide.mcu.externaltools.gnu-tools-for-stm32.7-2018-q2-update.win32_1.5.0.202011040924/tools/bin/../lib/gcc/arm-none-eabi/7.3.1/../../../../arm-none-eabi/lib/thumb/v6-m\libc_nano.a(lib_a-memcpy-stub.o)
                              lds_code/LBus/lds_LBus_basic_func.o (memcpy)
c:/st/stm32cubeide_1.4.0/stm32cubeide/plugins/com.st.stm32cube.ide.mcu.externaltools.gnu-tools-for-stm32.7-2018-q2-update.win32_1.5.0.202011040924/tools/bin/../lib/gcc/arm-none-eabi/7.3.1/../../../../arm-none-eabi/lib/thumb/v6-m\libc_nano.a(lib_a-memset.o)
                              c:/st/stm32cubeide_1.4.0/stm32cubeide/plugins/com.st.stm32cube.ide.mcu.externaltools.gnu-tools-for-stm32.7-2018-q2-update.win32_1.5.0.202011040924/tools/bin/../lib/gcc/arm-none-eabi/7.3.1/../../../../arm-none-eabi/lib/thumb/v6-m/crt0.o (memset)
c:/st/stm32cubeide_1.4.0/stm32cubeide/plugins/com.st.stm32cube.ide.mcu.externaltools.gnu-tools-for-stm32.7-2018-q2-update.win32_1.5.0.202011040924/tools/bin/../lib/gcc/arm-none-eabi/7.3.1/../../../../arm-none-eabi/lib/thumb/v6-m\libc_nano.a(lib_a-nano-vfprintf_float.o)
                              (_printf_float)
c:/st/stm32cubeide_1.4.0/stm32cubeide/plugins/com.st.stm32cube.ide.mcu.externaltools.gnu-tools-for-stm32.7-2018-q2-update.win32_1.5.0.202011040924/tools/bin/../lib/gcc/arm-none-eabi/7.3.1/../../../../arm-none-eabi/lib/thumb/v6-m\libc_nano.a(lib_a-nano-vfprintf_i.o)
                              c:/st/stm32cubeide_1.4.0/stm32cubeide/plugins/com.st.stm32cube.ide.mcu.externaltools.gnu-tools-for-stm32.7-2018-q2-update.win32_1.5.0.202011040924/tools/bin/../lib/gcc/arm-none-eabi/7.3.1/../../../../arm-none-eabi/lib/thumb/v6-m\libc_nano.a(lib_a-nano-vfprintf_float.o) (_printf_common)
c:/st/stm32cubeide_1.4.0/stm32cubeide/plugins/com.st.stm32cube.ide.mcu.externaltools.gnu-tools-for-stm32.7-2018-q2-update.win32_1.5.0.202011040924/tools/bin/../lib/gcc/arm-none-eabi/7.3.1/../../../../arm-none-eabi/lib/thumb/v6-m\libc_nano.a(lib_a-printf.o)
                              Core/Src/main.o (printf)
c:/st/stm32cubeide_1.4.0/stm32cubeide/plugins/com.st.stm32cube.ide.mcu.externaltools.gnu-tools-for-stm32.7-2018-q2-update.win32_1.5.0.202011040924/tools/bin/../lib/gcc/arm-none-eabi/7.3.1/../../../../arm-none-eabi/lib/thumb/v6-m\libc_nano.a(lib_a-puts.o)
                              Core/Src/can.o (puts)
c:/st/stm32cubeide_1.4.0/stm32cubeide/plugins/com.st.stm32cube.ide.mcu.externaltools.gnu-tools-for-stm32.7-2018-q2-update.win32_1.5.0.202011040924/tools/bin/../lib/gcc/arm-none-eabi/7.3.1/../../../../arm-none-eabi/lib/thumb/v6-m\libc_nano.a(lib_a-setvbuf.o)
                              Core/Src/retarget.o (setvbuf)
c:/st/stm32cubeide_1.4.0/stm32cubeide/plugins/com.st.stm32cube.ide.mcu.externaltools.gnu-tools-for-stm32.7-2018-q2-update.win32_1.5.0.202011040924/tools/bin/../lib/gcc/arm-none-eabi/7.3.1/../../../../arm-none-eabi/lib/thumb/v6-m\libc_nano.a(lib_a-strlen.o)
[...]
Memory Configuration

Name             Origin             Length             Attributes
RAM              0x0000000020000000 0x0000000000004000 xrw
FLASH            0x0000000008000000 0x0000000000020000 xr
*default*        0x0000000000000000 0xffffffffffffffff

Linker script and memory map

LOAD c:/st/stm32cubeide_1.4.0/stm32cubeide/plugins/com.st.stm32cube.ide.mcu.externaltools.gnu-tools-for-stm32.7-2018-q2-update.win32_1.5.0.202011040924/tools/bin/../lib/gcc/arm-none-eabi/7.3.1/thumb/v6-m/crti.o
LOAD c:/st/stm32cubeide_1.4.0/stm32cubeide/plugins/com.st.stm32cube.ide.mcu.externaltools.gnu-tools-for-stm32.7-2018-q2-update.win32_1.5.0.202011040924/tools/bin/../lib/gcc/arm-none-eabi/7.3.1/thumb/v6-m/crtbegin.o
LOAD c:/st/stm32cubeide_1.4.0/stm32cubeide/plugins/com.st.stm32cube.ide.mcu.externaltools.gnu-tools-for-stm32.7-2018-q2-update.win32_1.5.0.202011040924/tools/bin/../lib/gcc/arm-none-eabi/7.3.1/../../../../arm-none-eabi/lib/thumb/v6-m/crt0.o
LOAD Core/Src/can.o
LOAD Core/Src/gpio.o
LOAD Core/Src/i2c.o
LOAD Core/Src/iwdg.o
LOAD Core/Src/main.o
LOAD Core/Src/retarget.o
LOAD Core/Src/stm32f0xx_hal_msp.o
LOAD Core/Src/stm32f0xx_it.o
LOAD Core/Src/sysmem.o
LOAD Core/Src/system_stm32f0xx.o
LOAD Core/Src/tim.o
LOAD Core/Src/usart.o
LOAD Core/Startup/startup_stm32f072cbtx.o
LOAD Drivers/STM32F0xx_HAL_Driver/Src/stm32f0xx_hal.o
LOAD Drivers/STM32F0xx_HAL_Driver/Src/stm32f0xx_hal_can.o
LOAD Drivers/STM32F0xx_HAL_Driver/Src/stm32f0xx_hal_cortex.o
LOAD Drivers/STM32F0xx_HAL_Driver/Src/stm32f0xx_hal_dma.o
LOAD Drivers/STM32F0xx_HAL_Driver/Src/stm32f0xx_hal_exti.o
LOAD Drivers/STM32F0xx_HAL_Driver/Src/stm32f0xx_hal_flash.o
LOAD Drivers/STM32F0xx_HAL_Driver/Src/stm32f0xx_hal_flash_ex.o
LOAD Drivers/STM32F0xx_HAL_Driver/Src/stm32f0xx_hal_gpio.o
LOAD Drivers/STM32F0xx_HAL_Driver/Src/stm32f0xx_hal_i2c.o
LOAD Drivers/STM32F0xx_HAL_Driver/Src/stm32f0xx_hal_i2c_ex.o
LOAD Drivers/STM32F0xx_HAL_Driver/Src/stm32f0xx_hal_iwdg.o
LOAD Drivers/STM32F0xx_HAL_Driver/Src/stm32f0xx_hal_pwr.o
LOAD Drivers/STM32F0xx_HAL_Driver/Src/stm32f0xx_hal_pwr_ex.o
LOAD Drivers/STM32F0xx_HAL_Driver/Src/stm32f0xx_hal_rcc.o
LOAD Drivers/STM32F0xx_HAL_Driver/Src/stm32f0xx_hal_rcc_ex.o
LOAD Drivers/STM32F0xx_HAL_Driver/Src/stm32f0xx_hal_tim.o
LOAD Drivers/STM32F0xx_HAL_Driver/Src/stm32f0xx_hal_tim_ex.o
LOAD Drivers/STM32F0xx_HAL_Driver/Src/stm32f0xx_hal_uart.o
LOAD Drivers/STM32F0xx_HAL_Driver/Src/stm32f0xx_hal_uart_ex.o
LOAD lds_code/HAL/lds_hal_adc.o
LOAD lds_code/HAL/lds_hal_can.o
LOAD lds_code/HAL/lds_hal_flash.o
LOAD lds_code/HAL/lds_hal_gpio.o
LOAD lds_code/HAL/lds_hal_i2c.o
LOAD lds_code/HAL/lds_hal_iwdg.o
LOAD lds_code/HAL/lds_hal_pwm.o
LOAD lds_code/HAL/lds_hal_timer.o
LOAD lds_code/HAL/lds_hal_uart.o
LOAD lds_code/HAL/lds_hal_watchDog.o
LOAD lds_code/LBus/lds_LBus_basic_func.o
LOAD lds_code/LBus/lds_LBus_buf.o
LOAD lds_code/LBus/lds_LBus_fifo.o
LOAD lds_code/LBus/lds_LBus_func.o
LOAD lds_code/LBus/lds_LBus_func_DT1.o
LOAD lds_code/LBus/lds_LBus_func_DT4.o
LOAD lds_code/LBus/lds_LBus_para.o
LOAD lds_code/app/lds_LBusSubDev.o
LOAD lds_code/app/lds_LBus_system.o
LOAD lds_code/app/lds_app.o
LOAD lds_code/buttonApp/lds_buttonApp.o
LOAD lds_code/ledApp/lds_ledApp.o
LOAD lds_code/lightSeneor/lds_lightSensor.o
LOAD lds_code/motionSeneor/lds_motionSensor.o
LOAD lds_code/timerApp/lds_timerApp.o
START GROUP
LOAD c:/st/stm32cubeide_1.4.0/stm32cubeide/plugins/com.st.stm32cube.ide.mcu.externaltools.gnu-tools-for-stm32.7-2018-q2-update.win32_1.5.0.202011040924/tools/bin/../lib/gcc/arm-none-eabi/7.3.1/../../../../arm-none-eabi/lib/thumb/v6-m\libc_nano.a
LOAD c:/st/stm32cubeide_1.4.0/stm32cubeide/plugins/com.st.stm32cube.ide.mcu.externaltools.gnu-tools-for-stm32.7-2018-q2-update.win32_1.5.0.202011040924/tools/bin/../lib/gcc/arm-none-eabi/7.3.1/../../../../arm-none-eabi/lib/thumb/v6-m\libm.a
END GROUP
START GROUP
LOAD c:/st/stm32cubeide_1.4.0/stm32cubeide/plugins/com.st.stm32cube.ide.mcu.externaltools.gnu-tools-for-stm32.7-2018-q2-update.win32_1.5.0.202011040924/tools/bin/../lib/gcc/arm-none-eabi/7.3.1/thumb/v6-m\libgcc.a
LOAD c:/st/stm32cubeide_1.4.0/stm32cubeide/plugins/com.st.stm32cube.ide.mcu.externaltools.gnu-tools-for-stm32.7-2018-q2-update.win32_1.5.0.202011040924/tools/bin/../lib/gcc/arm-none-eabi/7.3.1/../../../../arm-none-eabi/lib/thumb/v6-m\libc_nano.a
END GROUP
START GROUP
LOAD c:/st/stm32cubeide_1.4.0/stm32cubeide/plugins/com.st.stm32cube.ide.mcu.externaltools.gnu-tools-for-stm32.7-2018-q2-update.win32_1.5.0.202011040924/tools/bin/../lib/gcc/arm-none-eabi/7.3.1/thumb/v6-m\libgcc.a
LOAD c:/st/stm32cubeide_1.4.0/stm32cubeide/plugins/com.st.stm32cube.ide.mcu.externaltools.gnu-tools-for-stm32.7-2018-q2-update.win32_1.5.0.202011040924/tools/bin/../lib/gcc/arm-none-eabi/7.3.1/../../../../arm-none-eabi/lib/thumb/v6-m\libc_nano.a
LOAD c:/st/stm32cubeide_1.4.0/stm32cubeide/plugins/com.st.stm32cube.ide.mcu.externaltools.gnu-tools-for-stm32.7-2018-q2-update.win32_1.5.0.202011040924/tools/bin/../lib/gcc/arm-none-eabi/7.3.1/../../../../arm-none-eabi/lib/thumb/v6-m\libnosys.a
END GROUP
START GROUP
LOAD c:/st/stm32cubeide_1.4.0/stm32cubeide/plugins/com.st.stm32cube.ide.mcu.externaltools.gnu-tools-for-stm32.7-2018-q2-update.win32_1.5.0.202011040924/tools/bin/../lib/gcc/arm-none-eabi/7.3.1/thumb/v6-m\libgcc.a
LOAD c:/st/stm32cubeide_1.4.0/stm32cubeide/plugins/com.st.stm32cube.ide.mcu.externaltools.gnu-tools-for-stm32.7-2018-q2-update.win32_1.5.0.202011040924/tools/bin/../lib/gcc/arm-none-eabi/7.3.1/../../../../arm-none-eabi/lib/thumb/v6-m\libc_nano.a
LOAD c:/st/stm32cubeide_1.4.0/stm32cubeide/plugins/com.st.stm32cube.ide.mcu.externaltools.gnu-tools-for-stm32.7-2018-q2-update.win32_1.5.0.202011040924/tools/bin/../lib/gcc/arm-none-eabi/7.3.1/../../../../arm-none-eabi/lib/thumb/v6-m\libnosys.a
END GROUP
LOAD c:/st/stm32cubeide_1.4.0/stm32cubeide/plugins/com.st.stm32cube.ide.mcu.externaltools.gnu-tools-for-stm32.7-2018-q2-update.win32_1.5.0.202011040924/tools/bin/../lib/gcc/arm-none-eabi/7.3.1/thumb/v6-m/crtend.o
LOAD c:/st/stm32cubeide_1.4.0/stm32cubeide/plugins/com.st.stm32cube.ide.mcu.externaltools.gnu-tools-for-stm32.7-2018-q2-update.win32_1.5.0.202011040924/tools/bin/../lib/gcc/arm-none-eabi/7.3.1/thumb/v6-m/crtn.o
                0x0000000020004000                _estack = (ORIGIN (RAM) + LENGTH (RAM))
                0x0000000000000200                _Min_Heap_Size = 0x200
                0x0000000000000400                _Min_Stack_Size = 0x400

.isr_vector     0x0000000008000000       0xc0
                0x0000000008000000                . = ALIGN (0x4)
 *(.isr_vector)
 .isr_vector    0x0000000008000000       0xc0 Core/Startup/startup_stm32f072cbtx.o
                0x0000000008000000                g_pfnVectors
                0x00000000080000c0                . = ALIGN (0x4)

.text           0x00000000080000c0     0xb85c
                0x00000000080000c0                . = ALIGN (0x4)
 *(.text)
 .text          0x00000000080000c0       0x48 c:/st/stm32cubeide_1.4.0/stm32cubeide/plugins/com.st.stm32cube.ide.mcu.externaltools.gnu-tools-for-stm32.7-2018-q2-update.win32_1.5.0.202011040924/tools/bin/../lib/gcc/arm-none-eabi/7.3.1/thumb/v6-m/crtbegin.o
 .text          0x0000000008000108        0xe c:/st/stm32cubeide_1.4.0/stm32cubeide/plugins/com.st.stm32cube.ide.mcu.externaltools.gnu-tools-for-stm32.7-2018-q2-update.win32_1.5.0.202011040924/tools/bin/../lib/gcc/arm-none-eabi/7.3.1/../../../../arm-none-eabi/lib/thumb/v6-m\libc_nano.a(lib_a-strlen.o)
                0x0000000008000108                strlen
 *fill*         0x0000000008000116        0x2 
 .text          0x0000000008000118       0x14 c:/st/stm32cubeide_1.4.0/stm32cubeide/plugins/com.st.stm32cube.ide.mcu.externaltools.gnu-tools-for-stm32.7-2018-q2-update.win32_1.5.0.202011040924/tools/bin/../lib/gcc/arm-none-eabi/7.3.1/thumb/v6-m\libgcc.a(_thumb1_case_uqi.o)
                0x0000000008000118                __gnu_thumb1_case_uqi
 .text          0x000000000800012c      0x114 c:/st/stm32cubeide_1.4.0/stm32cubeide/plugins/com.st.stm32cube.ide.mcu.externaltools.gnu-tools-for-stm32.7-2018-q2-update.win32_1.5.0.202011040924/tools/bin/../lib/gcc/arm-none-eabi/7.3.1/thumb/v6-m\libgcc.a(_udivsi3.o)
                0x000000000800012c                __aeabi_uidiv
                0x000000000800012c                __udivsi3
                0x0000000008000238                __aeabi_uidivmod
 .text          0x0000000008000240      0x1d4 c:/st/stm32cubeide_1.4.0/stm32cubeide/plugins/com.st.stm32cube.ide.mcu.externaltools.gnu-tools-for-stm32.7-2018-q2-update.win32_1.5.0.202011040924/tools/bin/../lib/gcc/arm-none-eabi/7.3.1/thumb/v6-m\libgcc.a(_divsi3.o)
                0x0000000008000240                __divsi3
                0x0000000008000240                __aeabi_idiv
                0x000000000800040c                __aeabi_idivmod
 .text          0x0000000008000414        0x4 c:/st/stm32cubeide_1.4.0/stm32cubeide/plugins/com.st.stm32cube.ide.mcu.externaltools.gnu-tools-for-stm32.7-2018-q2-update.win32_1.5.0.202011040924/tools/bin/../lib/gcc/arm-none-eabi/7.3.1/thumb/v6-m\libgcc.a(_dvmd_tls.o)
                0x0000000008000414                __aeabi_idiv0
                0x0000000008000414                __aeabi_ldiv0
 .text          0x0000000008000418       0x7c c:/st/stm32cubeide_1.4.0/stm32cubeide/plugins/com.st.stm32cube.ide.mcu.externaltools.gnu-tools-for-stm32.7-2018-q2-update.win32_1.5.0.202011040924/tools/bin/../lib/gcc/arm-none-eabi/7.3.1/thumb/v6-m\libgcc.a(_arm_cmpdf2.o)
                0x0000000008000418                __aeabi_cdrcmple
                0x0000000008000428                __aeabi_cdcmple
                0x0000000008000428                __aeabi_cdcmpeq
                0x0000000008000438                __aeabi_dcmpeq
                0x0000000008000444                __aeabi_dcmplt
                0x0000000008000458                __aeabi_dcmple
                0x000000000800046c                __aeabi_dcmpgt
                0x0000000008000480                __aeabi_dcmpge
 .text          0x0000000008000494      0x638 c:/st/stm32cubeide_1.4.0/stm32cubeide/plugins/com.st.stm32cube.ide.mcu.externaltools.gnu-tools-for-stm32.7-2018-q2-update.win32_1.5.0.202011040924/tools/bin/../lib/gcc/arm-none-eabi/7.3.1/thumb/v6-m\libgcc.a(adddf3.o)
                0x0000000008000494                __aeabi_dadd
 .text          0x0000000008000acc      0x604 c:/st/stm32cubeide_1.4.0/stm32cubeide/plugins/com.st.stm32cube.ide.mcu.externaltools.gnu-tools-for-stm32.7-2018-q2-update.win32_1.5.0.202011040924/tools/bin/../lib/gcc/arm-none-eabi/7.3.1/thumb/v6-m\libgcc.a(divdf3.o)
                0x0000000008000acc                __aeabi_ddiv
 .text          0x00000000080010d0       0x78 c:/st/stm32cubeide_1.4.0/stm32cubeide/plugins/com.st.stm32cube.ide.mcu.externaltools.gnu-tools-for-stm32.7-2018-q2-update.win32_1.5.0.202011040924/tools/bin/../lib/gcc/arm-none-eabi/7.3.1/thumb/v6-m\libgcc.a(eqdf2.o)
                0x00000000080010d0                __nedf2
                0x00000000080010d0                __eqdf2
 .text          0x0000000008001148       0xc8 c:/st/stm32cubeide_1.4.0/stm32cubeide/plugins/com.st.stm32cube.ide.mcu.externaltools.gnu-tools-for-stm32.7-2018-q2-update.win32_1.5.0.202011040924/tools/bin/../lib/gcc/arm-none-eabi/7.3.1/thumb/v6-m\libgcc.a(gedf2.o)
                0x0000000008001148                __gedf2
                0x0000000008001148                __gtdf2
 .text          0x0000000008001210       0xd0 c:/st/stm32cubeide_1.4.0/stm32cubeide/plugins/com.st.stm32cube.ide.mcu.externaltools.gnu-tools-for-stm32.7-2018-q2-update.win32_1.5.0.202011040924/tools/bin/../lib/gcc/arm-none-eabi/7.3.1/thumb/v6-m\libgcc.a(ledf2.o)
                0x0000000008001210                __ledf2
                0x0000000008001210                __ltdf2
 .text          0x00000000080012e0      0x4e4 c:/st/stm32cubeide_1.4.0/stm32cubeide/plugins/com.st.stm32cube.ide.mcu.externaltools.gnu-tools-for-stm32.7-2018-q2-update.win32_1.5.0.202011040924/tools/bin/../lib/gcc/arm-none-eabi/7.3.1/thumb/v6-m\libgcc.a(muldf3.o)
                0x00000000080012e0                __aeabi_dmul
 .text          0x00000000080017c4      0x690 c:/st/stm32cubeide_1.4.0/stm32cubeide/plugins/com.st.stm32cube.ide.mcu.externaltools.gnu-tools-for-stm32.7-2018-q2-update.win32_1.5.0.202011040924/tools/bin/../lib/gcc/arm-none-eabi/7.3.1/thumb/v6-m\libgcc.a(subdf3.o)
                0x00000000080017c4                __aeabi_dsub
 .text          0x0000000008001e54       0x38 c:/st/stm32cubeide_1.4.0/stm32cubeide/plugins/com.st.stm32cube.ide.mcu.externaltools.gnu-tools-for-stm32.7-2018-q2-update.win32_1.5.0.202011040924/tools/bin/../lib/gcc/arm-none-eabi/7.3.1/thumb/v6-m\libgcc.a(unorddf2.o)
                0x0000000008001e54                __aeabi_dcmpun
 .text          0x0000000008001e8c       0x6c c:/st/stm32cubeide_1.4.0/stm32cubeide/plugins/com.st.stm32cube.ide.mcu.externaltools.gnu-tools-for-stm32.7-2018-q2-update.win32_1.5.0.202011040924/tools/bin/../lib/gcc/arm-none-eabi/7.3.1/thumb/v6-m\libgcc.a(fixdfsi.o)
                0x0000000008001e8c                __aeabi_d2iz
 .text          0x0000000008001ef8       0x74 c:/st/stm32cubeide_1.4.0/stm32cubeide/plugins/com.st.stm32cube.ide.mcu.externaltools.gnu-tools-for-stm32.7-2018-q2-update.win32_1.5.0.202011040924/tools/bin/../lib/gcc/arm-none-eabi/7.3.1/thumb/v6-m\libgcc.a(floatsidf.o)
                0x0000000008001ef8                __aeabi_i2d
 .text          0x0000000008001f6c       0x64 c:/st/stm32cubeide_1.4.0/stm32cubeide/plugins/com.st.stm32cube.ide.mcu.externaltools.gnu-tools-for-stm32.7-2018-q2-update.win32_1.5.0.202011040924/tools/bin/../lib/gcc/arm-none-eabi/7.3.1/thumb/v6-m\libgcc.a(floatunsidf.o)
                0x0000000008001f6c                __aeabi_ui2d
 .text          0x0000000008001fd0       0x3c c:/st/stm32cubeide_1.4.0/stm32cubeide/plugins/com.st.stm32cube.ide.mcu.externaltools.gnu-tools-for-stm32.7-2018-q2-update.win32_1.5.0.202011040924/tools/bin/../lib/gcc/arm-none-eabi/7.3.1/thumb/v6-m\libgcc.a(_clzsi2.o)
                0x0000000008001fd0                __clzsi2
 *(.text*)
 .text.MX_CAN_Init
                0x000000000800200c       0x70 Core/Src/can.o
                0x000000000800200c                MX_CAN_Init
 .text.HAL_CAN_MspInit
                0x000000000800207c       0xac Core/Src/can.o
                0x000000000800207c                HAL_CAN_MspInit
 .text.stm32f0xx_can_init
                0x0000000008002128       0xdc Core/Src/can.o
                0x0000000008002128                stm32f0xx_can_init
 .text.MX_GPIO_Init
                0x0000000008002204       0xcc Core/Src/gpio.o
                0x0000000008002204                MX_GPIO_Init
 .text.main     0x00000000080022d0       0x80 Core/Src/main.o
                0x00000000080022d0                main
 .text.SystemClock_Config
                0x0000000008002350       0xae Core/Src/main.o
                0x0000000008002350                SystemClock_Config
 .text.Error_Handler
                0x00000000080023fe        0xa Core/Src/main.o
                0x00000000080023fe                Error_Handler
 .text.RetargetInit
                0x0000000008002408       0x30 Core/Src/retarget.o
                0x0000000008002408                RetargetInit
 .text._isatty  0x0000000008002438       0x2c Core/Src/retarget.o
                0x0000000008002438                _isatty
 .text._write   0x0000000008002464       0x5c Core/Src/retarget.o
                0x0000000008002464                _write
 .text._close   0x00000000080024c0       0x2e Core/Src/retarget.o
                0x00000000080024c0                _close
 .text._lseek   0x00000000080024ee       0x22 Core/Src/retarget.o
                0x00000000080024ee                _lseek
 .text._read    0x0000000008002510       0x54 Core/Src/retarget.o
                0x0000000008002510                _read
 .text._fstat   0x0000000008002564       0x36 Core/Src/retarget.o
                0x0000000008002564                _fstat
 *fill*         0x000000000800259a        0x2 
 .text.HAL_MspInit
                0x000000000800259c       0x48 Core/Src/stm32f0xx_hal_msp.o
                0x000000000800259c                HAL_MspInit
 .text.NMI_Handler
                0x00000000080025e4        0xa Core/Src/stm32f0xx_it.o
                0x00000000080025e4                NMI_Handler
 .text.HardFault_Handler
                0x00000000080025ee        0x6 Core/Src/stm32f0xx_it.o
                0x00000000080025ee                HardFault_Handler
 .text.SVC_Handler
                0x00000000080025f4        0xa Core/Src/stm32f0xx_it.o
                0x00000000080025f4                SVC_Handler
 .text.PendSV_Handler
                0x00000000080025fe        0xa Core/Src/stm32f0xx_it.o
                0x00000000080025fe                PendSV_Handler
 .text.SysTick_Handler
                0x0000000008002608        0xe Core/Src/stm32f0xx_it.o
                0x0000000008002608                SysTick_Handler
 .text.EXTI2_3_IRQHandler
                0x0000000008002616       0x10 Core/Src/stm32f0xx_it.o
                0x0000000008002616                EXTI2_3_IRQHandler
 *fill*         0x0000000008002626        0x2 
 .text.TIM1_BRK_UP_TRG_COM_IRQHandler
                0x0000000008002628       0x18 Core/Src/stm32f0xx_it.o
                0x0000000008002628                TIM1_BRK_UP_TRG_COM_IRQHandler
 .text.CEC_CAN_IRQHandler
                0x0000000008002640       0x18 Core/Src/stm32f0xx_it.o
                0x0000000008002640                CEC_CAN_IRQHandler
 .text._sbrk    0x0000000008002658       0x6c Core/Src/sysmem.o
                0x0000000008002658                _sbrk
 .text.SystemInit
                0x00000000080026c4        0xa Core/Src/system_stm32f0xx.o
                0x00000000080026c4                SystemInit
 *fill*         0x00000000080026ce        0x2 
 .text.MX_TIM1_Init
                0x00000000080026d0       0xb0 Core/Src/tim.o
                0x00000000080026d0                MX_TIM1_Init
 .text.HAL_TIM_Base_MspInit
                0x0000000008002780       0x50 Core/Src/tim.o
                0x0000000008002780                HAL_TIM_Base_MspInit
 .text.MX_USART1_UART_Init
                0x00000000080027d0       0x60 Core/Src/usart.o
                0x00000000080027d0                MX_USART1_UART_Init
 .text.MX_USART4_UART_Init
                0x0000000008002830       0x60 Core/Src/usart.o
                0x0000000008002830                MX_USART4_UART_Init
 .text.HAL_UART_MspInit
                0x0000000008002890      0x110 Core/Src/usart.o
                0x0000000008002890                HAL_UART_MspInit
 .text.Reset_Handler
                0x00000000080029a0       0x50 Core/Startup/startup_stm32f072cbtx.o
                0x00000000080029a0                Reset_Handler
 .text.Default_Handler
                0x00000000080029f0        0x2 Core/Startup/startup_stm32f072cbtx.o
                0x00000000080029f0                TIM1_CC_IRQHandler
                0x00000000080029f0                TSC_IRQHandler
                0x00000000080029f0                ADC1_COMP_IRQHandler
                0x00000000080029f0                I2C1_IRQHandler
                0x00000000080029f0                RCC_CRS_IRQHandler
                0x00000000080029f0                SPI1_IRQHandler
                0x00000000080029f0                TIM6_DAC_IRQHandler
                0x00000000080029f0                USART3_4_IRQHandler
                0x00000000080029f0                I2C2_IRQHandler
                0x00000000080029f0                TIM17_IRQHandler
                0x00000000080029f0                RTC_IRQHandler
                0x00000000080029f0                PVD_VDDIO2_IRQHandler
                0x00000000080029f0                DMA1_Channel4_5_6_7_IRQHandler
                0x00000000080029f0                TIM16_IRQHandler
                0x00000000080029f0                TIM3_IRQHandler
                0x00000000080029f0                EXTI4_15_IRQHandler
                0x00000000080029f0                DMA1_Channel1_IRQHandler
                0x00000000080029f0                Default_Handler
                0x00000000080029f0                TIM14_IRQHandler
                0x00000000080029f0                TIM7_IRQHandler
                0x00000000080029f0                TIM15_IRQHandler
                0x00000000080029f0                EXTI0_1_IRQHandler
                0x00000000080029f0                USB_IRQHandler
                0x00000000080029f0                SPI2_IRQHandler
                0x00000000080029f0                WWDG_IRQHandler
                0x00000000080029f0                TIM2_IRQHandler
                0x00000000080029f0                DMA1_Channel2_3_IRQHandler
                0x00000000080029f0                USART2_IRQHandler
                0x00000000080029f0                FLASH_IRQHandler
                0x00000000080029f0                USART1_IRQHandler
 *fill*         0x00000000080029f2        0x2 
 .text.HAL_Init
                0x00000000080029f4       0x28 Drivers/STM32F0xx_HAL_Driver/Src/stm32f0xx_hal.o
                0x00000000080029f4                HAL_Init
 .text.HAL_InitTick
                0x0000000008002a1c       0x68 Drivers/STM32F0xx_HAL_Driver/Src/stm32f0xx_hal.o
                0x0000000008002a1c                HAL_InitTick
 .text.HAL_IncTick
                0x0000000008002a84       0x24 Drivers/STM32F0xx_HAL_Driver/Src/stm32f0xx_hal.o
                0x0000000008002a84                HAL_IncTick
 .text.HAL_GetTick
                0x0000000008002aa8       0x14 Drivers/STM32F0xx_HAL_Driver/Src/stm32f0xx_hal.o
                0x0000000008002aa8                HAL_GetTick
 .text.HAL_Delay
                0x0000000008002abc       0x44 Drivers/STM32F0xx_HAL_Driver/Src/stm32f0xx_hal.o
                0x0000000008002abc                HAL_Delay
 .text.HAL_CAN_Init
                0x0000000008002b00      0x1fc Drivers/STM32F0xx_HAL_Driver/Src/stm32f0xx_hal_can.o
                0x0000000008002b00                HAL_CAN_Init
 .text.HAL_CAN_ConfigFilter
                0x0000000008002cfc      0x1e4 Drivers/STM32F0xx_HAL_Driver/Src/stm32f0xx_hal_can.o
                0x0000000008002cfc                HAL_CAN_ConfigFilter
 .text.HAL_CAN_Start
                0x0000000008002ee0       0x8c Drivers/STM32F0xx_HAL_Driver/Src/stm32f0xx_hal_can.o
                0x0000000008002ee0                HAL_CAN_Start
 .text.HAL_CAN_AddTxMessage
                0x0000000008002f6c      0x1be Drivers/STM32F0xx_HAL_Driver/Src/stm32f0xx_hal_can.o
                0x0000000008002f6c                HAL_CAN_AddTxMessage
 .text.HAL_CAN_GetRxMessage
                0x000000000800312a      0x238 Drivers/STM32F0xx_HAL_Driver/Src/stm32f0xx_hal_can.o
                0x000000000800312a                HAL_CAN_GetRxMessage
 .text.HAL_CAN_ActivateNotification
                0x0000000008003362       0x54 Drivers/STM32F0xx_HAL_Driver/Src/stm32f0xx_hal_can.o
                0x0000000008003362                HAL_CAN_ActivateNotification
 .text.HAL_CAN_IRQHandler
                0x00000000080033b6      0x362 Drivers/STM32F0xx_HAL_Driver/Src/stm32f0xx_hal_can.o
                0x00000000080033b6                HAL_CAN_IRQHandler
 .text.HAL_CAN_TxMailbox0CompleteCallback
                0x0000000008003718       0x10 Drivers/STM32F0xx_HAL_Driver/Src/stm32f0xx_hal_can.o
                0x0000000008003718                HAL_CAN_TxMailbox0CompleteCallback
 .text.HAL_CAN_TxMailbox1CompleteCallback
                0x0000000008003728       0x10 Drivers/STM32F0xx_HAL_Driver/Src/stm32f0xx_hal_can.o
                0x0000000008003728                HAL_CAN_TxMailbox1CompleteCallback
 .text.HAL_CAN_TxMailbox2CompleteCallback
                0x0000000008003738       0x10 Drivers/STM32F0xx_HAL_Driver/Src/stm32f0xx_hal_can.o
                0x0000000008003738                HAL_CAN_TxMailbox2CompleteCallback
 .text.HAL_CAN_TxMailbox0AbortCallback
                0x0000000008003748       0x10 Drivers/STM32F0xx_HAL_Driver/Src/stm32f0xx_hal_can.o
                0x0000000008003748                HAL_CAN_TxMailbox0AbortCallback
 .text.HAL_CAN_TxMailbox1AbortCallback
                0x0000000008003758       0x10 Drivers/STM32F0xx_HAL_Driver/Src/stm32f0xx_hal_can.o
                0x0000000008003758                HAL_CAN_TxMailbox1AbortCallback
 .text.HAL_CAN_TxMailbox2AbortCallback
                0x0000000008003768       0x10 Drivers/STM32F0xx_HAL_Driver/Src/stm32f0xx_hal_can.o
                0x0000000008003768                HAL_CAN_TxMailbox2AbortCallback
 .text.HAL_CAN_RxFifo0FullCallback
                0x0000000008003778       0x10 Drivers/STM32F0xx_HAL_Driver/Src/stm32f0xx_hal_can.o
                0x0000000008003778                HAL_CAN_RxFifo0FullCallback
 .text.HAL_CAN_RxFifo1MsgPendingCallback
                0x0000000008003788       0x10 Drivers/STM32F0xx_HAL_Driver/Src/stm32f0xx_hal_can.o
                0x0000000008003788                HAL_CAN_RxFifo1MsgPendingCallback
 .text.HAL_CAN_RxFifo1FullCallback
                0x0000000008003798       0x10 Drivers/STM32F0xx_HAL_Driver/Src/stm32f0xx_hal_can.o
                0x0000000008003798                HAL_CAN_RxFifo1FullCallback
 .text.HAL_CAN_SleepCallback
                0x00000000080037a8       0x10 Drivers/STM32F0xx_HAL_Driver/Src/stm32f0xx_hal_can.o
                0x00000000080037a8                HAL_CAN_SleepCallback
 .text.HAL_CAN_WakeUpFromRxMsgCallback
                0x00000000080037b8       0x10 Drivers/STM32F0xx_HAL_Driver/Src/stm32f0xx_hal_can.o
                0x00000000080037b8                HAL_CAN_WakeUpFromRxMsgCallback
 .text.HAL_CAN_ErrorCallback
                0x00000000080037c8       0x10 Drivers/STM32F0xx_HAL_Driver/Src/stm32f0xx_hal_can.o
                0x00000000080037c8                HAL_CAN_ErrorCallback
 .text.__NVIC_EnableIRQ
                0x00000000080037d8       0x34 Drivers/STM32F0xx_HAL_Driver/Src/stm32f0xx_hal_cortex.o
 .text.__NVIC_SetPriority
                0x000000000800380c       0xdc Drivers/STM32F0xx_HAL_Driver/Src/stm32f0xx_hal_cortex.o
 .text.SysTick_Config
                0x00000000080038e8       0x48 Drivers/STM32F0xx_HAL_Driver/Src/stm32f0xx_hal_cortex.o
 .text.HAL_NVIC_SetPriority
                0x0000000008003930       0x2a Drivers/STM32F0xx_HAL_Driver/Src/stm32f0xx_hal_cortex.o
                0x0000000008003930                HAL_NVIC_SetPriority
 .text.HAL_NVIC_EnableIRQ
                0x000000000800395a       0x20 Drivers/STM32F0xx_HAL_Driver/Src/stm32f0xx_hal_cortex.o
                0x000000000800395a                HAL_NVIC_EnableIRQ
 .text.HAL_SYSTICK_Config
                0x000000000800397a       0x1a Drivers/STM32F0xx_HAL_Driver/Src/stm32f0xx_hal_cortex.o
                0x000000000800397a                HAL_SYSTICK_Config
 .text.HAL_FLASH_Program
                0x0000000008003994      0x12c Drivers/STM32F0xx_HAL_Driver/Src/stm32f0xx_hal_flash.o
                0x0000000008003994                HAL_FLASH_Program
 .text.HAL_FLASH_Unlock
                0x0000000008003ac0       0x4c Drivers/STM32F0xx_HAL_Driver/Src/stm32f0xx_hal_flash.o
                0x0000000008003ac0                HAL_FLASH_Unlock
 .text.HAL_FLASH_Lock
                0x0000000008003b0c       0x1c Drivers/STM32F0xx_HAL_Driver/Src/stm32f0xx_hal_flash.o
                0x0000000008003b0c                HAL_FLASH_Lock
 .text.FLASH_Program_HalfWord
                0x0000000008003b28       0x38 Drivers/STM32F0xx_HAL_Driver/Src/stm32f0xx_hal_flash.o
 .text.FLASH_WaitForLastOperation
                0x0000000008003b60       0x80 Drivers/STM32F0xx_HAL_Driver/Src/stm32f0xx_hal_flash.o
                0x0000000008003b60                FLASH_WaitForLastOperation
 .text.FLASH_SetErrorCode
                0x0000000008003be0       0x60 Drivers/STM32F0xx_HAL_Driver/Src/stm32f0xx_hal_flash.o
 .text.HAL_FLASHEx_Erase
                0x0000000008003c40       0xec Drivers/STM32F0xx_HAL_Driver/Src/stm32f0xx_hal_flash_ex.o
                0x0000000008003c40                HAL_FLASHEx_Erase
 .text.FLASH_MassErase
                0x0000000008003d2c       0x30 Drivers/STM32F0xx_HAL_Driver/Src/stm32f0xx_hal_flash_ex.o
 .text.FLASH_PageErase
                0x0000000008003d5c       0x3c Drivers/STM32F0xx_HAL_Driver/Src/stm32f0xx_hal_flash_ex.o
                0x0000000008003d5c                FLASH_PageErase
 .text.HAL_GPIO_Init
                0x0000000008003d98      0x2f0 Drivers/STM32F0xx_HAL_Driver/Src/stm32f0xx_hal_gpio.o
                0x0000000008003d98                HAL_GPIO_Init
 .text.HAL_GPIO_ReadPin
                0x0000000008004088       0x3a Drivers/STM32F0xx_HAL_Driver/Src/stm32f0xx_hal_gpio.o
                0x0000000008004088                HAL_GPIO_ReadPin
 .text.HAL_GPIO_WritePin
                0x00000000080040c2       0x3a Drivers/STM32F0xx_HAL_Driver/Src/stm32f0xx_hal_gpio.o
                0x00000000080040c2                HAL_GPIO_WritePin
 .text.HAL_GPIO_EXTI_IRQHandler
                0x00000000080040fc       0x38 Drivers/STM32F0xx_HAL_Driver/Src/stm32f0xx_hal_gpio.o
                0x00000000080040fc                HAL_GPIO_EXTI_IRQHandler
 .text.HAL_GPIO_EXTI_Callback
                0x0000000008004134       0x14 Drivers/STM32F0xx_HAL_Driver/Src/stm32f0xx_hal_gpio.o
                0x0000000008004134                HAL_GPIO_EXTI_Callback
 .text.HAL_RCC_OscConfig
                0x0000000008004148      0x70c Drivers/STM32F0xx_HAL_Driver/Src/stm32f0xx_hal_rcc.o
                0x0000000008004148                HAL_RCC_OscConfig
 .text.HAL_RCC_ClockConfig
                0x0000000008004854      0x1b4 Drivers/STM32F0xx_HAL_Driver/Src/stm32f0xx_hal_rcc.o
                0x0000000008004854                HAL_RCC_ClockConfig
 .text.HAL_RCC_GetSysClockFreq
                0x0000000008004a08       0xfc Drivers/STM32F0xx_HAL_Driver/Src/stm32f0xx_hal_rcc.o
                0x0000000008004a08                HAL_RCC_GetSysClockFreq
 .text.HAL_RCC_GetHCLKFreq
                0x0000000008004b04       0x14 Drivers/STM32F0xx_HAL_Driver/Src/stm32f0xx_hal_rcc.o
                0x0000000008004b04                HAL_RCC_GetHCLKFreq
 .text.HAL_RCC_GetPCLK1Freq
                0x0000000008004b18       0x2c Drivers/STM32F0xx_HAL_Driver/Src/stm32f0xx_hal_rcc.o
                0x0000000008004b18                HAL_RCC_GetPCLK1Freq
 .text.HAL_RCCEx_PeriphCLKConfig
                0x0000000008004b44      0x200 Drivers/STM32F0xx_HAL_Driver/Src/stm32f0xx_hal_rcc_ex.o
                0x0000000008004b44                HAL_RCCEx_PeriphCLKConfig
 .text.HAL_TIM_Base_Init
                0x0000000008004d44       0x58 Drivers/STM32F0xx_HAL_Driver/Src/stm32f0xx_hal_tim.o
                0x0000000008004d44                HAL_TIM_Base_Init
 .text.HAL_TIM_Base_Start
                0x0000000008004d9c       0x44 Drivers/STM32F0xx_HAL_Driver/Src/stm32f0xx_hal_tim.o
                0x0000000008004d9c                HAL_TIM_Base_Start
 .text.HAL_TIM_Base_Start_IT
                0x0000000008004de0       0x44 Drivers/STM32F0xx_HAL_Driver/Src/stm32f0xx_hal_tim.o
                0x0000000008004de0                HAL_TIM_Base_Start_IT
 .text.HAL_TIM_IRQHandler
                0x0000000008004e24      0x22c Drivers/STM32F0xx_HAL_Driver/Src/stm32f0xx_hal_tim.o
                0x0000000008004e24                HAL_TIM_IRQHandler
 .text.HAL_TIM_ConfigClockSource
                0x0000000008005050      0x17c Drivers/STM32F0xx_HAL_Driver/Src/stm32f0xx_hal_tim.o
                0x0000000008005050                HAL_TIM_ConfigClockSource
 .text.HAL_TIM_OC_DelayElapsedCallback
                0x00000000080051cc       0x10 Drivers/STM32F0xx_HAL_Driver/Src/stm32f0xx_hal_tim.o
                0x00000000080051cc                HAL_TIM_OC_DelayElapsedCallback
 .text.HAL_TIM_IC_CaptureCallback
                0x00000000080051dc       0x10 Drivers/STM32F0xx_HAL_Driver/Src/stm32f0xx_hal_tim.o
                0x00000000080051dc                HAL_TIM_IC_CaptureCallback
 .text.HAL_TIM_PWM_PulseFinishedCallback
                0x00000000080051ec       0x10 Drivers/STM32F0xx_HAL_Driver/Src/stm32f0xx_hal_tim.o
                0x00000000080051ec                HAL_TIM_PWM_PulseFinishedCallback
 .text.HAL_TIM_TriggerCallback
                0x00000000080051fc       0x10 Drivers/STM32F0xx_HAL_Driver/Src/stm32f0xx_hal_tim.o
                0x00000000080051fc                HAL_TIM_TriggerCallback
 .text.TIM_Base_SetConfig
                0x000000000800520c      0x100 Drivers/STM32F0xx_HAL_Driver/Src/stm32f0xx_hal_tim.o
                0x000000000800520c                TIM_Base_SetConfig
 .text.TIM_TI1_ConfigInputStage
                0x000000000800530c       0x5c Drivers/STM32F0xx_HAL_Driver/Src/stm32f0xx_hal_tim.o
 .text.TIM_TI2_ConfigInputStage
                0x0000000008005368       0x64 Drivers/STM32F0xx_HAL_Driver/Src/stm32f0xx_hal_tim.o
 .text.TIM_ITRx_SetConfig
                0x00000000080053cc       0x32 Drivers/STM32F0xx_HAL_Driver/Src/stm32f0xx_hal_tim.o
 *fill*         0x00000000080053fe        0x2 
 .text.TIM_ETR_SetConfig
                0x0000000008005400       0x40 Drivers/STM32F0xx_HAL_Driver/Src/stm32f0xx_hal_tim.o
                0x0000000008005400                TIM_ETR_SetConfig
 .text.HAL_TIMEx_MasterConfigSynchronization
                0x0000000008005440       0xbc Drivers/STM32F0xx_HAL_Driver/Src/stm32f0xx_hal_tim_ex.o
                0x0000000008005440                HAL_TIMEx_MasterConfigSynchronization
 .text.HAL_TIMEx_CommutCallback
                0x00000000080054fc       0x10 Drivers/STM32F0xx_HAL_Driver/Src/stm32f0xx_hal_tim_ex.o
                0x00000000080054fc                HAL_TIMEx_CommutCallback
 .text.HAL_TIMEx_BreakCallback
                0x000000000800550c       0x10 Drivers/STM32F0xx_HAL_Driver/Src/stm32f0xx_hal_tim_ex.o
                0x000000000800550c                HAL_TIMEx_BreakCallback
 .text.HAL_UART_Init
                0x000000000800551c       0xa8 Drivers/STM32F0xx_HAL_Driver/Src/stm32f0xx_hal_uart.o
                0x000000000800551c                HAL_UART_Init
 .text.HAL_UART_Transmit
                0x00000000080055c4      0x150 Drivers/STM32F0xx_HAL_Driver/Src/stm32f0xx_hal_uart.o
                0x00000000080055c4                HAL_UART_Transmit
 .text.HAL_UART_Receive
                0x0000000008005714      0x1d8 Drivers/STM32F0xx_HAL_Driver/Src/stm32f0xx_hal_uart.o
                0x0000000008005714                HAL_UART_Receive
 .text.UART_SetConfig
                0x00000000080058ec      0x398 Drivers/STM32F0xx_HAL_Driver/Src/stm32f0xx_hal_uart.o
                0x00000000080058ec                UART_SetConfig
 .text.UART_AdvFeatureConfig
                0x0000000008005c84      0x168 Drivers/STM32F0xx_HAL_Driver/Src/stm32f0xx_hal_uart.o
                0x0000000008005c84                UART_AdvFeatureConfig
 .text.UART_CheckIdleState
                0x0000000008005dec       0x8c Drivers/STM32F0xx_HAL_Driver/Src/stm32f0xx_hal_uart.o
                0x0000000008005dec                UART_CheckIdleState
 .text.UART_WaitOnFlagUntilTimeout
                0x0000000008005e78       0xfc Drivers/STM32F0xx_HAL_Driver/Src/stm32f0xx_hal_uart.o
                0x0000000008005e78                UART_WaitOnFlagUntilTimeout
 .text.hal_can_init
                0x0000000008005f74       0x12 lds_code/HAL/lds_hal_can.o
                0x0000000008005f74                hal_can_init
 *fill*         0x0000000008005f86        0x2 
 .text.hal_can0_getExtData
                0x0000000008005f88       0xb0 lds_code/HAL/lds_hal_can.o
                0x0000000008005f88                hal_can0_getExtData
 .text.hal_can0_sendExtData
                0x0000000008006038       0x6c lds_code/HAL/lds_hal_can.o
                0x0000000008006038                hal_can0_sendExtData
 .text.hal_flash_open
                0x00000000080060a4       0x18 lds_code/HAL/lds_hal_flash.o
                0x00000000080060a4                hal_flash_open
 .text.hal_flash_close
                0x00000000080060bc       0x18 lds_code/HAL/lds_hal_flash.o
                0x00000000080060bc                hal_flash_close
 .text.hal_flash_write
                0x00000000080060d4       0xfc lds_code/HAL/lds_hal_flash.o
                0x00000000080060d4                hal_flash_write
 .text.hal_flash_erasePage
                0x00000000080061d0       0x68 lds_code/HAL/lds_hal_flash.o
                0x00000000080061d0                hal_flash_erasePage
 .text.hal_gpio_init
                0x0000000008006238        0xe lds_code/HAL/lds_hal_gpio.o
                0x0000000008006238                hal_gpio_init
 .text.hal_gpio_greenLedOn_1
                0x0000000008006246       0x1a lds_code/HAL/lds_hal_gpio.o
                0x0000000008006246                hal_gpio_greenLedOn_1
 .text.hal_gpio_greenLedOn_2
                0x0000000008006260       0x1c lds_code/HAL/lds_hal_gpio.o
                0x0000000008006260                hal_gpio_greenLedOn_2
 .text.hal_gpio_greenLedOn_3
                0x000000000800627c       0x18 lds_code/HAL/lds_hal_gpio.o
                0x000000000800627c                hal_gpio_greenLedOn_3
 .text.hal_gpio_greenLedOn_4
                0x0000000008006294       0x1c lds_code/HAL/lds_hal_gpio.o
                0x0000000008006294                hal_gpio_greenLedOn_4
 .text.hal_gpio_greenLedOn_5
                0x00000000080062b0       0x18 lds_code/HAL/lds_hal_gpio.o
                0x00000000080062b0                hal_gpio_greenLedOn_5
 .text.hal_gpio_greenLedOn_6
                0x00000000080062c8       0x18 lds_code/HAL/lds_hal_gpio.o
                0x00000000080062c8                hal_gpio_greenLedOn_6
 .text.hal_gpio_greenLedOff_1
                0x00000000080062e0       0x1a lds_code/HAL/lds_hal_gpio.o
                0x00000000080062e0                hal_gpio_greenLedOff_1
 *fill*         0x00000000080062fa        0x2 
 .text.hal_gpio_greenLedOff_2
                0x00000000080062fc       0x1c lds_code/HAL/lds_hal_gpio.o
                0x00000000080062fc                hal_gpio_greenLedOff_2
 .text.hal_gpio_greenLedOff_3
                0x0000000008006318       0x18 lds_code/HAL/lds_hal_gpio.o
                0x0000000008006318                hal_gpio_greenLedOff_3
 .text.hal_gpio_greenLedOff_4
                0x0000000008006330       0x1c lds_code/HAL/lds_hal_gpio.o
                0x0000000008006330                hal_gpio_greenLedOff_4
 .text.hal_gpio_greenLedOff_5
                0x000000000800634c       0x18 lds_code/HAL/lds_hal_gpio.o
                0x000000000800634c                hal_gpio_greenLedOff_5
 .text.hal_gpio_greenLedOff_6
                0x0000000008006364       0x18 lds_code/HAL/lds_hal_gpio.o
                0x0000000008006364                hal_gpio_greenLedOff_6
 .text.hal_gpio_getGreenLedStat_1
                0x000000000800637c       0x26 lds_code/HAL/lds_hal_gpio.o
                0x000000000800637c                hal_gpio_getGreenLedStat_1
 *fill*         0x00000000080063a2        0x2 
 .text.hal_gpio_getGreenLedStat_2
                0x00000000080063a4       0x28 lds_code/HAL/lds_hal_gpio.o
                0x00000000080063a4                hal_gpio_getGreenLedStat_2
 .text.hal_gpio_getGreenLedStat_3
                0x00000000080063cc       0x22 lds_code/HAL/lds_hal_gpio.o
                0x00000000080063cc                hal_gpio_getGreenLedStat_3
 *fill*         0x00000000080063ee        0x2 
 .text.hal_gpio_getGreenLedStat_4
                0x00000000080063f0       0x24 lds_code/HAL/lds_hal_gpio.o
                0x00000000080063f0                hal_gpio_getGreenLedStat_4
 .text.hal_gpio_getGreenLedStat_5
                0x0000000008006414       0x22 lds_code/HAL/lds_hal_gpio.o
                0x0000000008006414                hal_gpio_getGreenLedStat_5
 .text.hal_gpio_getGreenLedStat_6
                0x0000000008006436       0x22 lds_code/HAL/lds_hal_gpio.o
                0x0000000008006436                hal_gpio_getGreenLedStat_6
 .text.hal_gpio_redLedOn_1
                0x0000000008006458       0x1c lds_code/HAL/lds_hal_gpio.o
                0x0000000008006458                hal_gpio_redLedOn_1
 .text.hal_gpio_redLedOn_2
                0x0000000008006474       0x1c lds_code/HAL/lds_hal_gpio.o
                0x0000000008006474                hal_gpio_redLedOn_2
 .text.hal_gpio_redLedOn_3
                0x0000000008006490       0x1c lds_code/HAL/lds_hal_gpio.o
                0x0000000008006490                hal_gpio_redLedOn_3
 .text.hal_gpio_redLedOn_4
                0x00000000080064ac       0x1c lds_code/HAL/lds_hal_gpio.o
                0x00000000080064ac                hal_gpio_redLedOn_4
 .text.hal_gpio_redLedOn_5
                0x00000000080064c8       0x18 lds_code/HAL/lds_hal_gpio.o
                0x00000000080064c8                hal_gpio_redLedOn_5
 .text.hal_gpio_redLedOn_6
                0x00000000080064e0       0x18 lds_code/HAL/lds_hal_gpio.o
                0x00000000080064e0                hal_gpio_redLedOn_6
 .text.hal_gpio_redLedOff_1
                0x00000000080064f8       0x1c lds_code/HAL/lds_hal_gpio.o
                0x00000000080064f8                hal_gpio_redLedOff_1
 .text.hal_gpio_redLedOff_2
                0x0000000008006514       0x1c lds_code/HAL/lds_hal_gpio.o
                0x0000000008006514                hal_gpio_redLedOff_2
 .text.hal_gpio_redLedOff_3
                0x0000000008006530       0x1c lds_code/HAL/lds_hal_gpio.o
                0x0000000008006530                hal_gpio_redLedOff_3
 .text.hal_gpio_redLedOff_4
                0x000000000800654c       0x1c lds_code/HAL/lds_hal_gpio.o
                0x000000000800654c                hal_gpio_redLedOff_4
 .text.hal_gpio_redLedOff_5
                0x0000000008006568       0x18 lds_code/HAL/lds_hal_gpio.o
                0x0000000008006568                hal_gpio_redLedOff_5
 .text.hal_gpio_redLedOff_6
                0x0000000008006580       0x18 lds_code/HAL/lds_hal_gpio.o
                0x0000000008006580                hal_gpio_redLedOff_6
 .text.hal_gpio_getRedLedStat_1
                0x0000000008006598       0x24 lds_code/HAL/lds_hal_gpio.o
                0x0000000008006598                hal_gpio_getRedLedStat_1
 .text.hal_gpio_getRedLedStat_2
                0x00000000080065bc       0x28 lds_code/HAL/lds_hal_gpio.o
                0x00000000080065bc                hal_gpio_getRedLedStat_2
 .text.hal_gpio_getRedLedStat_3
                0x00000000080065e4       0x24 lds_code/HAL/lds_hal_gpio.o
                0x00000000080065e4                hal_gpio_getRedLedStat_3
 .text.hal_gpio_getRedLedStat_4
                0x0000000008006608       0x24 lds_code/HAL/lds_hal_gpio.o
                0x0000000008006608                hal_gpio_getRedLedStat_4
 .text.hal_gpio_getRedLedStat_5
                0x000000000800662c       0x22 lds_code/HAL/lds_hal_gpio.o
                0x000000000800662c                hal_gpio_getRedLedStat_5
 .text.hal_gpio_getRedLedStat_6
                0x000000000800664e       0x22 lds_code/HAL/lds_hal_gpio.o
                0x000000000800664e                hal_gpio_getRedLedStat_6
 .text.hal_gpio_getButtonStat_1
                0x0000000008006670       0x26 lds_code/HAL/lds_hal_gpio.o
                0x0000000008006670                hal_gpio_getButtonStat_1
 *fill*         0x0000000008006696        0x2 
 .text.hal_gpio_getButtonStat_2
                0x0000000008006698       0x28 lds_code/HAL/lds_hal_gpio.o
                0x0000000008006698                hal_gpio_getButtonStat_2
 .text.hal_gpio_getButtonStat_3
                0x00000000080066c0       0x22 lds_code/HAL/lds_hal_gpio.o
                0x00000000080066c0                hal_gpio_getButtonStat_3
 *fill*         0x00000000080066e2        0x2 
 .text.hal_gpio_getButtonStat_4
                0x00000000080066e4       0x24 lds_code/HAL/lds_hal_gpio.o
                0x00000000080066e4                hal_gpio_getButtonStat_4
 .text.hal_gpio_getButtonStat_5
                0x0000000008006708       0x22 lds_code/HAL/lds_hal_gpio.o
                0x0000000008006708                hal_gpio_getButtonStat_5
 .text.hal_gpio_getButtonStat_6
                0x000000000800672a       0x22 lds_code/HAL/lds_hal_gpio.o
                0x000000000800672a                hal_gpio_getButtonStat_6
 .text.hal_timer_init
                0x000000000800674c       0x12 lds_code/HAL/lds_hal_timer.o
                0x000000000800674c                hal_timer_init
 *fill*         0x000000000800675e        0x2 
 .text.hal_timer0_open
                0x0000000008006760       0x20 lds_code/HAL/lds_hal_timer.o
                0x0000000008006760                hal_timer0_open
 .text.hal_uart_init
                0x0000000008006780       0x12 lds_code/HAL/lds_hal_uart.o
                0x0000000008006780                hal_uart_init
 *fill*         0x0000000008006792        0x2 
 .text.LBus_basic_SN_func
                0x0000000008006794      0x2b4 lds_code/LBus/lds_LBus_basic_func.o
                0x0000000008006794                LBus_basic_SN_func
 .text.LBus_basic_firewmareUpdata
                0x0000000008006a48      0x464 lds_code/LBus/lds_LBus_basic_func.o
                0x0000000008006a48                LBus_basic_firewmareUpdata
 .text.LBus_basic_CAN_ID_func
                0x0000000008006eac      0x1dc lds_code/LBus/lds_LBus_basic_func.o
                0x0000000008006eac                LBus_basic_CAN_ID_func
 .text.LBus_func_decode
                0x0000000008007088      0x4a8 lds_code/LBus/lds_LBus_func.o
                0x0000000008007088                LBus_func_decode
 .text.LBus_func_rec
                0x0000000008007530       0xc0 lds_code/LBus/lds_LBus_func.o
                0x0000000008007530                LBus_func_rec
 .text.LBus_func_send
                0x00000000080075f0       0xd4 lds_code/LBus/lds_LBus_func.o
                0x00000000080075f0                LBus_func_send
 .text.LBusSubDev_init
                0x00000000080076c4       0x44 lds_code/app/lds_LBusSubDev.o
                0x00000000080076c4                LBusSubDev_init
 .text.LBusSubDev_task
                0x0000000008007708       0x1a lds_code/app/lds_LBusSubDev.o
                0x0000000008007708                LBusSubDev_task
 .text.HAL_CAN_RxFifo0MsgPendingCallback
                0x0000000008007722       0x14 lds_code/app/lds_LBusSubDev.o
                0x0000000008007722                HAL_CAN_RxFifo0MsgPendingCallback
 .text.HAL_TIM_PeriodElapsedCallback
                0x0000000008007736       0x1c lds_code/app/lds_LBusSubDev.o
                0x0000000008007736                HAL_TIM_PeriodElapsedCallback
 *fill*         0x0000000008007752        0x2 
 .text.readFlash_systemInfo_fun
                0x0000000008007754       0x20 lds_code/app/lds_LBus_system.o
                0x0000000008007754                readFlash_systemInfo_fun
 .text.writeFlash_systemInfo_fun
                0x0000000008007774       0x2c lds_code/app/lds_LBus_system.o
                0x0000000008007774                writeFlash_systemInfo_fun
 .text.readFlash_devicePra_fun
                0x00000000080077a0       0x20 lds_code/app/lds_LBus_system.o
                0x00000000080077a0                readFlash_devicePra_fun
 .text.writeFlash_devicePro_fun
                0x00000000080077c0       0x2c lds_code/app/lds_LBus_system.o
                0x00000000080077c0                writeFlash_devicePro_fun
 .text.buttonApp_register
                0x00000000080077ec       0x48 lds_code/buttonApp/lds_buttonApp.o
                0x00000000080077ec                buttonApp_register
 .text.buttonApp_ticks
                0x0000000008007834       0xf4 lds_code/buttonApp/lds_buttonApp.o
                0x0000000008007834                buttonApp_ticks
 .text.app_rstButton
                0x0000000008007928      0x740 lds_code/buttonApp/lds_buttonApp.o
                0x0000000008007928                app_rstButton
 .text.ledApp_init
                0x0000000008008068      0x1fc lds_code/ledApp/lds_ledApp.o
                0x0000000008008068                ledApp_init
 .text.ledApp_register
                0x0000000008008264      0x414 lds_code/ledApp/lds_ledApp.o
                0x0000000008008264                ledApp_register
 .text.CirculationFlashing_led1
                0x0000000008008678       0x2c lds_code/ledApp/lds_ledApp.o
                0x0000000008008678                CirculationFlashing_led1
 .text.CirculationFlashing_led2
                0x00000000080086a4       0x2c lds_code/ledApp/lds_ledApp.o
                0x00000000080086a4                CirculationFlashing_led2
 .text.CirculationFlashing_led3
                0x00000000080086d0       0x2c lds_code/ledApp/lds_ledApp.o
                0x00000000080086d0                CirculationFlashing_led3
 .text.CirculationFlashing_led4
                0x00000000080086fc       0x2c lds_code/ledApp/lds_ledApp.o
                0x00000000080086fc                CirculationFlashing_led4
 .text.CirculationFlashing_led5
                0x0000000008008728       0x2c lds_code/ledApp/lds_ledApp.o
                0x0000000008008728                CirculationFlashing_led5
 .text.CirculationFlashing_led6
                0x0000000008008754       0x2c lds_code/ledApp/lds_ledApp.o
                0x0000000008008754                CirculationFlashing_led6
 .text.fastfalsh_led4_green
                0x0000000008008780       0x2c lds_code/ledApp/lds_ledApp.o
                0x0000000008008780                fastfalsh_led4_green
 .text.CirculationFlashing
                0x00000000080087ac       0x70 lds_code/ledApp/lds_ledApp.o
                0x00000000080087ac                CirculationFlashing
 .text.ledApp_unregister
                0x000000000800881c       0x74 lds_code/ledApp/lds_ledApp.o
                0x000000000800881c                ledApp_unregister
 .text.ledApp_task
                0x0000000008008890      0x3bc lds_code/ledApp/lds_ledApp.o
                0x0000000008008890                ledApp_task
 .text.ledApp_ticks
                0x0000000008008c4c       0x6c lds_code/ledApp/lds_ledApp.o
                0x0000000008008c4c                ledApp_ticks
 .text.ledApp_null
                0x0000000008008cb8        0xa lds_code/ledApp/lds_ledApp.o
                0x0000000008008cb8                ledApp_null
 *fill*         0x0000000008008cc2        0x2 
 .text.timerApp_register
                0x0000000008008cc4       0x8c lds_code/timerApp/lds_timerApp.o
                0x0000000008008cc4                timerApp_register
 .text.timerApp_unregister
                0x0000000008008d50       0x44 lds_code/timerApp/lds_timerApp.o
                0x0000000008008d50                timerApp_unregister
 .text.timerApp_task
                0x0000000008008d94      0x10c lds_code/timerApp/lds_timerApp.o
                0x0000000008008d94                timerApp_task
 .text.timerApp_ticks
                0x0000000008008ea0       0x6c lds_code/timerApp/lds_timerApp.o
                0x0000000008008ea0                timerApp_ticks
 .text.timerApp_getCounterVal
                0x0000000008008f0c       0x2c lds_code/timerApp/lds_timerApp.o
                0x0000000008008f0c                timerApp_getCounterVal
 .text.timerApp_null
                0x0000000008008f38        0xa lds_code/timerApp/lds_timerApp.o
                0x0000000008008f38                timerApp_null
 *fill*         0x0000000008008f42        0x2 
 .text.__errno  0x0000000008008f44        0xc c:/st/stm32cubeide_1.4.0/stm32cubeide/plugins/com.st.stm32cube.ide.mcu.externaltools.gnu-tools-for-stm32.7-2018-q2-update.win32_1.5.0.202011040924/tools/bin/../lib/gcc/arm-none-eabi/7.3.1/../../../../arm-none-eabi/lib/thumb/v6-m\libc_nano.a(lib_a-errno.o)
                0x0000000008008f44                __errno
 .text.__libc_init_array
                0x0000000008008f50       0x48 c:/st/stm32cubeide_1.4.0/stm32cubeide/plugins/com.st.stm32cube.ide.mcu.externaltools.gnu-tools-for-stm32.7-2018-q2-update.win32_1.5.0.202011040924/tools/bin/../lib/gcc/arm-none-eabi/7.3.1/../../../../arm-none-eabi/lib/thumb/v6-m\libc_nano.a(lib_a-init.o)
                0x0000000008008f50                __libc_init_array
 .text.memcpy   0x0000000008008f98       0x12 c:/st/stm32cubeide_1.4.0/stm32cubeide/plugins/com.st.stm32cube.ide.mcu.externaltools.gnu-tools-for-stm32.7-2018-q2-update.win32_1.5.0.202011040924/tools/bin/../lib/gcc/arm-none-eabi/7.3.1/../../../../arm-none-eabi/lib/thumb/v6-m\libc_nano.a(lib_a-memcpy-stub.o)
                0x0000000008008f98                memcpy
 .text.memset   0x0000000008008faa       0x10 c:/st/stm32cubeide_1.4.0/stm32cubeide/plugins/com.st.stm32cube.ide.mcu.externaltools.gnu-tools-for-stm32.7-2018-q2-update.win32_1.5.0.202011040924/tools/bin/../lib/gcc/arm-none-eabi/7.3.1/../../../../arm-none-eabi/lib/thumb/v6-m\libc_nano.a(lib_a-memset.o)
                0x0000000008008faa                memset
 .text.__cvt    0x0000000008008fba       0xc8 c:/st/stm32cubeide_1.4.0/stm32cubeide/plugins/com.st.stm32cube.ide.mcu.externaltools.gnu-tools-for-stm32.7-2018-q2-update.win32_1.5.0.202011040924/tools/bin/../lib/gcc/arm-none-eabi/7.3.1/../../../../arm-none-eabi/lib/thumb/v6-m\libc_nano.a(lib_a-nano-vfprintf_float.o)
                0x0000000008008fba                __cvt
 .text.__exponent
                0x0000000008009082       0x70 c:/st/stm32cubeide_1.4.0/stm32cubeide/plugins/com.st.stm32cube.ide.mcu.externaltools.gnu-tools-for-stm32.7-2018-q2-update.win32_1.5.0.202011040924/tools/bin/../lib/gcc/arm-none-eabi/7.3.1/../../../../arm-none-eabi/lib/thumb/v6-m\libc_nano.a(lib_a-nano-vfprintf_float.o)
                0x0000000008009082                __exponent
 *fill*         0x00000000080090f2        0x2 
 .text._printf_float
                0x00000000080090f4      0x498 c:/st/stm32cubeide_1.4.0/stm32cubeide/plugins/com.st.stm32cube.ide.mcu.externaltools.gnu-tools-for-stm32.7-2018-q2-update.win32_1.5.0.202011040924/tools/bin/../lib/gcc/arm-none-eabi/7.3.1/../../../../arm-none-eabi/lib/thumb/v6-m\libc_nano.a(lib_a-nano-vfprintf_float.o)
                0x00000000080090f4                _printf_float
 .text._printf_common
                0x000000000800958c       0xda c:/st/stm32cubeide_1.4.0/stm32cubeide/plugins/com.st.stm32cube.ide.mcu.externaltools.gnu-tools-for-stm32.7-2018-q2-update.win32_1.5.0.202011040924/tools/bin/../lib/gcc/arm-none-eabi/7.3.1/../../../../arm-none-eabi/lib/thumb/v6-m\libc_nano.a(lib_a-nano-vfprintf_i.o)
                0x000000000800958c                _printf_common
 *fill*         0x0000000008009666        0x2 
 .text._printf_i
                0x0000000008009668      0x210 c:/st/stm32cubeide_1.4.0/stm32cubeide/plugins/com.st.stm32cube.ide.mcu.externaltools.gnu-tools-for-stm32.7-2018-q2-update.win32_1.5.0.202011040924/tools/bin/../lib/gcc/arm-none-eabi/7.3.1/../../../../arm-none-eabi/lib/thumb/v6-m\libc_nano.a(lib_a-nano-vfprintf_i.o)
                0x0000000008009668                _printf_i
 .text.printf   0x0000000008009878       0x34 c:/st/stm32cubeide_1.4.0/stm32cubeide/plugins/com.st.stm32cube.ide.mcu.externaltools.gnu-tools-for-stm32.7-2018-q2-update.win32_1.5.0.202011040924/tools/bin/../lib/gcc/arm-none-eabi/7.3.1/../../../../arm-none-eabi/lib/thumb/v6-m\libc_nano.a(lib_a-printf.o)
                0x0000000008009878                iprintf
                0x0000000008009878                printf
 .text._puts_r  0x00000000080098ac       0xc0 c:/st/stm32cubeide_1.4.0/stm32cubeide/plugins/com.st.stm32cube.ide.mcu.externaltools.gnu-tools-for-stm32.7-2018-q2-update.win32_1.5.0.202011040924/tools/bin/../lib/gcc/arm-none-eabi/7.3.1/../../../../arm-none-eabi/lib/thumb/v6-m\libc_nano.a(lib_a-puts.o)
                0x00000000080098ac                _puts_r
 .text.puts     0x000000000800996c       0x14 c:/st/stm32cubeide_1.4.0/stm32cubeide/plugins/com.st.stm32cube.ide.mcu.externaltools.gnu-tools-for-stm32.7-2018-q2-update.win32_1.5.0.202011040924/tools/bin/../lib/gcc/arm-none-eabi/7.3.1/../../../../arm-none-eabi/lib/thumb/v6-m\libc_nano.a(lib_a-puts.o)
                0x000000000800996c                puts
 .text.setvbuf  0x0000000008009980      0x158 c:/st/stm32cubeide_1.4.0/stm32cubeide/plugins/com.st.stm32cube.ide.mcu.externaltools.gnu-tools-for-stm32.7-2018-q2-update.win32_1.5.0.202011040924/tools/bin/../lib/gcc/arm-none-eabi/7.3.1/../../../../arm-none-eabi/lib/thumb/v6-m\libc_nano.a(lib_a-setvbuf.o)
                0x0000000008009980                setvbuf
 .text.__swbuf_r
                0x0000000008009ad8       0xac c:/st/stm32cubeide_1.4.0/stm32cubeide/plugins/com.st.stm32cube.ide.mcu.externaltools.gnu-tools-for-stm32.7-2018-q2-update.win32_1.5.0.202011040924/tools/bin/../lib/gcc/arm-none-eabi/7.3.1/../../../../arm-none-eabi/lib/thumb/v6-m\libc_nano.a(lib_a-wbuf.o)
                0x0000000008009ad8                __swbuf_r
 .text.__swsetup_r
                0x0000000008009b84       0xec c:/st/stm32cubeide_1.4.0/stm32cubeide/plugins/com.st.stm32cube.ide.mcu.externaltools.gnu-tools-for-stm32.7-2018-q2-update.win32_1.5.0.202011040924/tools/bin/../lib/gcc/arm-none-eabi/7.3.1/../../../../arm-none-eabi/lib/thumb/v6-m\libc_nano.a(lib_a-wsetup.o)
                0x0000000008009b84                __swsetup_r
 .text.quorem   0x0000000008009c70      0x10c c:/st/stm32cubeide_1.4.0/stm32cubeide/plugins/com.st.stm32cube.ide.mcu.externaltools.gnu-tools-for-stm32.7-2018-q2-update.win32_1.5.0.202011040924/tools/bin/../lib/gcc/arm-none-eabi/7.3.1/../../../../arm-none-eabi/lib/thumb/v6-m\libc_nano.a(lib_a-dtoa.o)
 .text._dtoa_r  0x0000000008009d7c      0xbc0 c:/st/stm32cubeide_1.4.0/stm32cubeide/plugins/com.st.stm32cube.ide.mcu.externaltools.gnu-tools-for-stm32.7-2018-q2-update.win32_1.5.0.202011040924/tools/bin/../lib/gcc/arm-none-eabi/7.3.1/../../../../arm-none-eabi/lib/thumb/v6-m\libc_nano.a(lib_a-dtoa.o)
                0x0000000008009d7c                _dtoa_r
 .text.__sflush_r
                0x000000000800a93c      0x114 c:/st/stm32cubeide_1.4.0/stm32cubeide/plugins/com.st.stm32cube.ide.mcu.externaltools.gnu-tools-for-stm32.7-2018-q2-update.win32_1.5.0.202011040924/tools/bin/../lib/gcc/arm-none-eabi/7.3.1/../../../../arm-none-eabi/lib/thumb/v6-m\libc_nano.a(lib_a-fflush.o)
                0x000000000800a93c                __sflush_r
 .text._fflush_r
                0x000000000800aa50       0x58 c:/st/stm32cubeide_1.4.0/stm32cubeide/plugins/com.st.stm32cube.ide.mcu.externaltools.gnu-tools-for-stm32.7-2018-q2-update.win32_1.5.0.202011040924/tools/bin/../lib/gcc/arm-none-eabi/7.3.1/../../../../arm-none-eabi/lib/thumb/v6-m\libc_nano.a(lib_a-fflush.o)
                0x000000000800aa50                _fflush_r
 .text.std      0x000000000800aaa8       0x48 c:/st/stm32cubeide_1.4.0/stm32cubeide/plugins/com.st.stm32cube.ide.mcu.externaltools.gnu-tools-for-stm32.7-2018-q2-update.win32_1.5.0.202011040924/tools/bin/../lib/gcc/arm-none-eabi/7.3.1/../../../../arm-none-eabi/lib/thumb/v6-m\libc_nano.a(lib_a-findfp.o)
 .text._cleanup_r
                0x000000000800aaf0       0x10 c:/st/stm32cubeide_1.4.0/stm32cubeide/plugins/com.st.stm32cube.ide.mcu.externaltools.gnu-tools-for-stm32.7-2018-q2-update.win32_1.5.0.202011040924/tools/bin/../lib/gcc/arm-none-eabi/7.3.1/../../../../arm-none-eabi/lib/thumb/v6-m\libc_nano.a(lib_a-findfp.o)
                0x000000000800aaf0                _cleanup_r
 .text.__sfmoreglue
                0x000000000800ab00       0x2c c:/st/stm32cubeide_1.4.0/stm32cubeide/plugins/com.st.stm32cube.ide.mcu.externaltools.gnu-tools-for-stm32.7-2018-q2-update.win32_1.5.0.202011040924/tools/bin/../lib/gcc/arm-none-eabi/7.3.1/../../../../arm-none-eabi/lib/thumb/v6-m\libc_nano.a(lib_a-findfp.o)
                0x000000000800ab00                __sfmoreglue
 .text.__sinit  0x000000000800ab2c       0x68 c:/st/stm32cubeide_1.4.0/stm32cubeide/plugins/com.st.stm32cube.ide.mcu.externaltools.gnu-tools-for-stm32.7-2018-q2-update.win32_1.5.0.202011040924/tools/bin/../lib/gcc/arm-none-eabi/7.3.1/../../../../arm-none-eabi/lib/thumb/v6-m\libc_nano.a(lib_a-findfp.o)
                0x000000000800ab2c                __sinit
 .text.__sfp    0x000000000800ab94       0x7c c:/st/stm32cubeide_1.4.0/stm32cubeide/plugins/com.st.stm32cube.ide.mcu.externaltools.gnu-tools-for-stm32.7-2018-q2-update.win32_1.5.0.202011040924/tools/bin/../lib/gcc/arm-none-eabi/7.3.1/../../../../arm-none-eabi/lib/thumb/v6-m\libc_nano.a(lib_a-findfp.o)
                0x000000000800ab94                __sfp
 .text._fwalk_reent
                0x000000000800ac10       0x42 c:/st/stm32cubeide_1.4.0/stm32cubeide/plugins/com.st.stm32cube.ide.mcu.externaltools.gnu-tools-for-stm32.7-2018-q2-update.win32_1.5.0.202011040924/tools/bin/../lib/gcc/arm-none-eabi/7.3.1/../../../../arm-none-eabi/lib/thumb/v6-m\libc_nano.a(lib_a-fwalk.o)
                0x000000000800ac10                _fwalk_reent
 *fill*         0x000000000800ac52        0x2 
 .text._localeconv_r
                0x000000000800ac54       0x18 c:/st/stm32cubeide_1.4.0/stm32cubeide/plugins/com.st.stm32cube.ide.mcu.externaltools.gnu-tools-for-stm32.7-2018-q2-update.win32_1.5.0.202011040924/tools/bin/../lib/gcc/arm-none-eabi/7.3.1/../../../../arm-none-eabi/lib/thumb/v6-m\libc_nano.a(lib_a-localeconv.o)
                0x000000000800ac54                _localeconv_r
 .text.__swhatbuf_r
                0x000000000800ac6c       0x50 c:/st/stm32cubeide_1.4.0/stm32cubeide/plugins/com.st.stm32cube.ide.mcu.externaltools.gnu-tools-for-stm32.7-2018-q2-update.win32_1.5.0.202011040924/tools/bin/../lib/gcc/arm-none-eabi/7.3.1/../../../../arm-none-eabi/lib/thumb/v6-m\libc_nano.a(lib_a-makebuf.o)
                0x000000000800ac6c                __swhatbuf_r
 .text.__smakebuf_r
                0x000000000800acbc       0x88 c:/st/stm32cubeide_1.4.0/stm32cubeide/plugins/com.st.stm32cube.ide.mcu.externaltools.gnu-tools-for-stm32.7-2018-q2-update.win32_1.5.0.202011040924/tools/bin/../lib/gcc/arm-none-eabi/7.3.1/../../../../arm-none-eabi/lib/thumb/v6-m\libc_nano.a(lib_a-makebuf.o)
                0x000000000800acbc                __smakebuf_r
 .text.malloc   0x000000000800ad44       0x14 c:/st/stm32cubeide_1.4.0/stm32cubeide/plugins/com.st.stm32cube.ide.mcu.externaltools.gnu-tools-for-stm32.7-2018-q2-update.win32_1.5.0.202011040924/tools/bin/../lib/gcc/arm-none-eabi/7.3.1/../../../../arm-none-eabi/lib/thumb/v6-m\libc_nano.a(lib_a-malloc.o)
                0x000000000800ad44                malloc
 .text.memchr   0x000000000800ad58       0x16 c:/st/stm32cubeide_1.4.0/stm32cubeide/plugins/com.st.stm32cube.ide.mcu.externaltools.gnu-tools-for-stm32.7-2018-q2-update.win32_1.5.0.202011040924/tools/bin/../lib/gcc/arm-none-eabi/7.3.1/../../../../arm-none-eabi/lib/thumb/v6-m\libc_nano.a(lib_a-memchr-stub.o)
                0x000000000800ad58                memchr
 .text._Balloc  0x000000000800ad6e       0x70 c:/st/stm32cubeide_1.4.0/stm32cubeide/plugins/com.st.stm32cube.ide.mcu.externaltools.gnu-tools-for-stm32.7-2018-q2-update.win32_1.5.0.202011040924/tools/bin/../lib/gcc/arm-none-eabi/7.3.1/../../../../arm-none-eabi/lib/thumb/v6-m\libc_nano.a(lib_a-mprec.o)
                0x000000000800ad6e                _Balloc
 .text._Bfree   0x000000000800adde       0x32 c:/st/stm32cubeide_1.4.0/stm32cubeide/plugins/com.st.stm32cube.ide.mcu.externaltools.gnu-tools-for-stm32.7-2018-q2-update.win32_1.5.0.202011040924/tools/bin/../lib/gcc/arm-none-eabi/7.3.1/../../../../arm-none-eabi/lib/thumb/v6-m\libc_nano.a(lib_a-mprec.o)
                0x000000000800adde                _Bfree
 .text.__multadd
                0x000000000800ae10       0x7c c:/st/stm32cubeide_1.4.0/stm32cubeide/plugins/com.st.stm32cube.ide.mcu.externaltools.gnu-tools-for-stm32.7-2018-q2-update.win32_1.5.0.202011040924/tools/bin/../lib/gcc/arm-none-eabi/7.3.1/../../../../arm-none-eabi/lib/thumb/v6-m\libc_nano.a(lib_a-mprec.o)
                0x000000000800ae10                __multadd
 .text.__hi0bits
                0x000000000800ae8c       0x34 c:/st/stm32cubeide_1.4.0/stm32cubeide/plugins/com.st.stm32cube.ide.mcu.externaltools.gnu-tools-for-stm32.7-2018-q2-update.win32_1.5.0.202011040924/tools/bin/../lib/gcc/arm-none-eabi/7.3.1/../../../../arm-none-eabi/lib/thumb/v6-m\libc_nano.a(lib_a-mprec.o)
                0x000000000800ae8c                __hi0bits
 .text.__lo0bits
                0x000000000800aec0       0x5e c:/st/stm32cubeide_1.4.0/stm32cubeide/plugins/com.st.stm32cube.ide.mcu.externaltools.gnu-tools-for-stm32.7-2018-q2-update.win32_1.5.0.202011040924/tools/bin/../lib/gcc/arm-none-eabi/7.3.1/../../../../arm-none-eabi/lib/thumb/v6-m\libc_nano.a(lib_a-mprec.o)
                0x000000000800aec0                __lo0bits
 .text.__i2b    0x000000000800af1e       0x12 c:/st/stm32cubeide_1.4.0/stm32cubeide/plugins/com.st.stm32cube.ide.mcu.externaltools.gnu-tools-for-stm32.7-2018-q2-update.win32_1.5.0.202011040924/tools/bin/../lib/gcc/arm-none-eabi/7.3.1/../../../../arm-none-eabi/lib/thumb/v6-m\libc_nano.a(lib_a-mprec.o)
                0x000000000800af1e                __i2b
 .text.__multiply
                0x000000000800af30      0x11e c:/st/stm32cubeide_1.4.0/stm32cubeide/plugins/com.st.stm32cube.ide.mcu.externaltools.gnu-tools-for-stm32.7-2018-q2-update.win32_1.5.0.202011040924/tools/bin/../lib/gcc/arm-none-eabi/7.3.1/../../../../arm-none-eabi/lib/thumb/v6-m\libc_nano.a(lib_a-mprec.o)
                0x000000000800af30                __multiply
 *fill*         0x000000000800b04e        0x2 
 .text.__pow5mult
                0x000000000800b050       0xa4 c:/st/stm32cubeide_1.4.0/stm32cubeide/plugins/com.st.stm32cube.ide.mcu.externaltools.gnu-tools-for-stm32.7-2018-q2-update.win32_1.5.0.202011040924/tools/bin/../lib/gcc/arm-none-eabi/7.3.1/../../../../arm-none-eabi/lib/thumb/v6-m\libc_nano.a(lib_a-mprec.o)
                0x000000000800b050                __pow5mult
 .text.__lshift
                0x000000000800b0f4       0xa4 c:/st/stm32cubeide_1.4.0/stm32cubeide/plugins/com.st.stm32cube.ide.mcu.externaltools.gnu-tools-for-stm32.7-2018-q2-update.win32_1.5.0.202011040924/tools/bin/../lib/gcc/arm-none-eabi/7.3.1/../../../../arm-none-eabi/lib/thumb/v6-m\libc_nano.a(lib_a-mprec.o)
                0x000000000800b0f4                __lshift
 .text.__mcmp   0x000000000800b198       0x34 c:/st/stm32cubeide_1.4.0/stm32cubeide/plugins/com.st.stm32cube.ide.mcu.externaltools.gnu-tools-for-stm32.7-2018-q2-update.win32_1.5.0.202011040924/tools/bin/../lib/gcc/arm-none-eabi/7.3.1/../../../../arm-none-eabi/lib/thumb/v6-m\libc_nano.a(lib_a-mprec.o)
                0x000000000800b198                __mcmp
 .text.__mdiff  0x000000000800b1cc       0xc8 c:/st/stm32cubeide_1.4.0/stm32cubeide/plugins/com.st.stm32cube.ide.mcu.externaltools.gnu-tools-for-stm32.7-2018-q2-update.win32_1.5.0.202011040924/tools/bin/../lib/gcc/arm-none-eabi/7.3.1/../../../../arm-none-eabi/lib/thumb/v6-m\libc_nano.a(lib_a-mprec.o)
                0x000000000800b1cc                __mdiff
 .text.__d2b    0x000000000800b294       0xa8 c:/st/stm32cubeide_1.4.0/stm32cubeide/plugins/com.st.stm32cube.ide.mcu.externaltools.gnu-tools-for-stm32.7-2018-q2-update.win32_1.5.0.202011040924/tools/bin/../lib/gcc/arm-none-eabi/7.3.1/../../../../arm-none-eabi/lib/thumb/v6-m\libc_nano.a(lib_a-mprec.o)
                0x000000000800b294                __d2b
 .text._calloc_r
                0x000000000800b33c       0x1c c:/st/stm32cubeide_1.4.0/stm32cubeide/plugins/com.st.stm32cube.ide.mcu.externaltools.gnu-tools-for-stm32.7-2018-q2-update.win32_1.5.0.202011040924/tools/bin/../lib/gcc/arm-none-eabi/7.3.1/../../../../arm-none-eabi/lib/thumb/v6-m\libc_nano.a(lib_a-nano-callocr.o)
                0x000000000800b33c                _calloc_r
 .text._free_r  0x000000000800b358       0x94 c:/st/stm32cubeide_1.4.0/stm32cubeide/plugins/com.st.stm32cube.ide.mcu.externaltools.gnu-tools-for-stm32.7-2018-q2-update.win32_1.5.0.202011040924/tools/bin/../lib/gcc/arm-none-eabi/7.3.1/../../../../arm-none-eabi/lib/thumb/v6-m\libc_nano.a(lib_a-nano-freer.o)
                0x000000000800b358                _free_r
 .text._malloc_r
                0x000000000800b3ec       0xbc c:/st/stm32cubeide_1.4.0/stm32cubeide/plugins/com.st.stm32cube.ide.mcu.externaltools.gnu-tools-for-stm32.7-2018-q2-update.win32_1.5.0.202011040924/tools/bin/../lib/gcc/arm-none-eabi/7.3.1/../../../../arm-none-eabi/lib/thumb/v6-m\libc_nano.a(lib_a-nano-mallocr.o)
                0x000000000800b3ec                _malloc_r
 .text.__sfputc_r
                0x000000000800b4a8       0x2a c:/st/stm32cubeide_1.4.0/stm32cubeide/plugins/com.st.stm32cube.ide.mcu.externaltools.gnu-tools-for-stm32.7-2018-q2-update.win32_1.5.0.202011040924/tools/bin/../lib/gcc/arm-none-eabi/7.3.1/../../../../arm-none-eabi/lib/thumb/v6-m\libc_nano.a(lib_a-nano-vfprintf.o)
 .text.__sfputs_r
                0x000000000800b4d2       0x24 c:/st/stm32cubeide_1.4.0/stm32cubeide/plugins/com.st.stm32cube.ide.mcu.externaltools.gnu-tools-for-stm32.7-2018-q2-update.win32_1.5.0.202011040924/tools/bin/../lib/gcc/arm-none-eabi/7.3.1/../../../../arm-none-eabi/lib/thumb/v6-m\libc_nano.a(lib_a-nano-vfprintf.o)
                0x000000000800b4d2                __sfputs_r
 *fill*         0x000000000800b4f6        0x2 
 .text._vfprintf_r
                0x000000000800b4f8      0x22c c:/st/stm32cubeide_1.4.0/stm32cubeide/plugins/com.st.stm32cube.ide.mcu.externaltools.gnu-tools-for-stm32.7-2018-q2-update.win32_1.5.0.202011040924/tools/bin/../lib/gcc/arm-none-eabi/7.3.1/../../../../arm-none-eabi/lib/thumb/v6-m\libc_nano.a(lib_a-nano-vfprintf.o)
                0x000000000800b4f8                _vfprintf_r
                0x000000000800b4f8                _vfiprintf_r
 .text._sbrk_r  0x000000000800b724       0x24 c:/st/stm32cubeide_1.4.0/stm32cubeide/plugins/com.st.stm32cube.ide.mcu.externaltools.gnu-tools-for-stm32.7-2018-q2-update.win32_1.5.0.202011040924/tools/bin/../lib/gcc/arm-none-eabi/7.3.1/../../../../arm-none-eabi/lib/thumb/v6-m\libc_nano.a(lib_a-sbrkr.o)
                0x000000000800b724                _sbrk_r
 .text.__sread  0x000000000800b748       0x28 c:/st/stm32cubeide_1.4.0/stm32cubeide/plugins/com.st.stm32cube.ide.mcu.externaltools.gnu-tools-for-stm32.7-2018-q2-update.win32_1.5.0.202011040924/tools/bin/../lib/gcc/arm-none-eabi/7.3.1/../../../../arm-none-eabi/lib/thumb/v6-m\libc_nano.a(lib_a-stdio.o)
                0x000000000800b748                __sread
 .text.__swrite
                0x000000000800b770       0x38 c:/st/stm32cubeide_1.4.0/stm32cubeide/plugins/com.st.stm32cube.ide.mcu.externaltools.gnu-tools-for-stm32.7-2018-q2-update.win32_1.5.0.202011040924/tools/bin/../lib/gcc/arm-none-eabi/7.3.1/../../../../arm-none-eabi/lib/thumb/v6-m\libc_nano.a(lib_a-stdio.o)
                0x000000000800b770                __swrite
 .text.__sseek  0x000000000800b7a8       0x2c c:/st/stm32cubeide_1.4.0/stm32cubeide/plugins/com.st.stm32cube.ide.mcu.externaltools.gnu-tools-for-stm32.7-2018-q2-update.win32_1.5.0.202011040924/tools/bin/../lib/gcc/arm-none-eabi/7.3.1/../../../../arm-none-eabi/lib/thumb/v6-m\libc_nano.a(lib_a-stdio.o)
                0x000000000800b7a8                __sseek
 .text.__sclose
                0x000000000800b7d4        0xc c:/st/stm32cubeide_1.4.0/stm32cubeide/plugins/com.st.stm32cube.ide.mcu.externaltools.gnu-tools-for-stm32.7-2018-q2-update.win32_1.5.0.202011040924/tools/bin/../lib/gcc/arm-none-eabi/7.3.1/../../../../arm-none-eabi/lib/thumb/v6-m\libc_nano.a(lib_a-stdio.o)
                0x000000000800b7d4                __sclose
 .text._write_r
                0x000000000800b7e0       0x28 c:/st/stm32cubeide_1.4.0/stm32cubeide/plugins/com.st.stm32cube.ide.mcu.externaltools.gnu-tools-for-stm32.7-2018-q2-update.win32_1.5.0.202011040924/tools/bin/../lib/gcc/arm-none-eabi/7.3.1/../../../../arm-none-eabi/lib/thumb/v6-m\libc_nano.a(lib_a-writer.o)
                0x000000000800b7e0                _write_r
 .text._close_r
                0x000000000800b808       0x24 c:/st/stm32cubeide_1.4.0/stm32cubeide/plugins/com.st.stm32cube.ide.mcu.externaltools.gnu-tools-for-stm32.7-2018-q2-update.win32_1.5.0.202011040924/tools/bin/../lib/gcc/arm-none-eabi/7.3.1/../../../../arm-none-eabi/lib/thumb/v6-m\libc_nano.a(lib_a-closer.o)
                0x000000000800b808                _close_r
 .text._fstat_r
                0x000000000800b82c       0x24 c:/st/stm32cubeide_1.4.0/stm32cubeide/plugins/com.st.stm32cube.ide.mcu.externaltools.gnu-tools-for-stm32.7-2018-q2-update.win32_1.5.0.202011040924/tools/bin/../lib/gcc/arm-none-eabi/7.3.1/../../../../arm-none-eabi/lib/thumb/v6-m\libc_nano.a(lib_a-fstatr.o)
                0x000000000800b82c                _fstat_r
 .text._isatty_r
                0x000000000800b850       0x24 c:/st/stm32cubeide_1.4.0/stm32cubeide/plugins/com.st.stm32cube.ide.mcu.externaltools.gnu-tools-for-stm32.7-2018-q2-update.win32_1.5.0.202011040924/tools/bin/../lib/gcc/arm-none-eabi/7.3.1/../../../../arm-none-eabi/lib/thumb/v6-m\libc_nano.a(lib_a-isattyr.o)
                0x000000000800b850                _isatty_r
 .text._lseek_r
                0x000000000800b874       0x28 c:/st/stm32cubeide_1.4.0/stm32cubeide/plugins/com.st.stm32cube.ide.mcu.externaltools.gnu-tools-for-stm32.7-2018-q2-update.win32_1.5.0.202011040924/tools/bin/../lib/gcc/arm-none-eabi/7.3.1/../../../../arm-none-eabi/lib/thumb/v6-m\libc_nano.a(lib_a-lseekr.o)
                0x000000000800b874                _lseek_r
 .text.__ascii_mbtowc
                0x000000000800b89c       0x24 c:/st/stm32cubeide_1.4.0/stm32cubeide/plugins/com.st.stm32cube.ide.mcu.externaltools.gnu-tools-for-stm32.7-2018-q2-update.win32_1.5.0.202011040924/tools/bin/../lib/gcc/arm-none-eabi/7.3.1/../../../../arm-none-eabi/lib/thumb/v6-m\libc_nano.a(lib_a-mbtowc_r.o)
                0x000000000800b89c                __ascii_mbtowc
 .text.__malloc_lock
                0x000000000800b8c0        0x2 c:/st/stm32cubeide_1.4.0/stm32cubeide/plugins/com.st.stm32cube.ide.mcu.externaltools.gnu-tools-for-stm32.7-2018-q2-update.win32_1.5.0.202011040924/tools/bin/../lib/gcc/arm-none-eabi/7.3.1/../../../../arm-none-eabi/lib/thumb/v6-m\libc_nano.a(lib_a-mlock.o)
                0x000000000800b8c0                __malloc_lock
 .text.__malloc_unlock
                0x000000000800b8c2        0x2 c:/st/stm32cubeide_1.4.0/stm32cubeide/plugins/com.st.stm32cube.ide.mcu.externaltools.gnu-tools-for-stm32.7-2018-q2-update.win32_1.5.0.202011040924/tools/bin/../lib/gcc/arm-none-eabi/7.3.1/../../../../arm-none-eabi/lib/thumb/v6-m\libc_nano.a(lib_a-mlock.o)
                0x000000000800b8c2                __malloc_unlock
 .text._read_r  0x000000000800b8c4       0x28 c:/st/stm32cubeide_1.4.0/stm32cubeide/plugins/com.st.stm32cube.ide.mcu.externaltools.gnu-tools-for-stm32.7-2018-q2-update.win32_1.5.0.202011040924/tools/bin/../lib/gcc/arm-none-eabi/7.3.1/../../../../arm-none-eabi/lib/thumb/v6-m\libc_nano.a(lib_a-readr.o)
                0x000000000800b8c4                _read_r
 .text.__ascii_wctomb
                0x000000000800b8ec       0x18 c:/st/stm32cubeide_1.4.0/stm32cubeide/plugins/com.st.stm32cube.ide.mcu.externaltools.gnu-tools-for-stm32.7-2018-q2-update.win32_1.5.0.202011040924/tools/bin/../lib/gcc/arm-none-eabi/7.3.1/../../../../arm-none-eabi/lib/thumb/v6-m\libc_nano.a(lib_a-wctomb_r.o)
                0x000000000800b8ec                __ascii_wctomb
 *(.glue_7)
 .glue_7        0x000000000800b904        0x0 linker stubs
 *(.glue_7t)
 .glue_7t       0x000000000800b904        0x0 linker stubs
 *(.eh_frame)
 .eh_frame      0x000000000800b904        0x0 c:/st/stm32cubeide_1.4.0/stm32cubeide/plugins/com.st.stm32cube.ide.mcu.externaltools.gnu-tools-for-stm32.7-2018-q2-update.win32_1.5.0.202011040924/tools/bin/../lib/gcc/arm-none-eabi/7.3.1/thumb/v6-m/crtbegin.o
 *(.init)
 .init          0x000000000800b904        0x4 c:/st/stm32cubeide_1.4.0/stm32cubeide/plugins/com.st.stm32cube.ide.mcu.externaltools.gnu-tools-for-stm32.7-2018-q2-update.win32_1.5.0.202011040924/tools/bin/../lib/gcc/arm-none-eabi/7.3.1/thumb/v6-m/crti.o
                0x000000000800b904                _init
 .init          0x000000000800b908        0x8 c:/st/stm32cubeide_1.4.0/stm32cubeide/plugins/com.st.stm32cube.ide.mcu.externaltools.gnu-tools-for-stm32.7-2018-q2-update.win32_1.5.0.202011040924/tools/bin/../lib/gcc/arm-none-eabi/7.3.1/thumb/v6-m/crtn.o
 *(.fini)
 .fini          0x000000000800b910        0x4 c:/st/stm32cubeide_1.4.0/stm32cubeide/plugins/com.st.stm32cube.ide.mcu.externaltools.gnu-tools-for-stm32.7-2018-q2-update.win32_1.5.0.202011040924/tools/bin/../lib/gcc/arm-none-eabi/7.3.1/thumb/v6-m/crti.o
                0x000000000800b910                _fini
 .fini          0x000000000800b914        0x8 c:/st/stm32cubeide_1.4.0/stm32cubeide/plugins/com.st.stm32cube.ide.mcu.externaltools.gnu-tools-for-stm32.7-2018-q2-update.win32_1.5.0.202011040924/tools/bin/../lib/gcc/arm-none-eabi/7.3.1/thumb/v6-m/crtn.o
                0x000000000800b91c                . = ALIGN (0x4)
                0x000000000800b91c                _etext = .

.vfp11_veneer   0x000000000800b91c        0x0
 .vfp11_veneer  0x000000000800b91c        0x0 linker stubs

.v4_bx          0x000000000800b91c        0x0
 .v4_bx         0x000000000800b91c        0x0 linker stubs

.iplt           0x000000000800b91c        0x0
 .iplt          0x000000000800b91c        0x0 c:/st/stm32cubeide_1.4.0/stm32cubeide/plugins/com.st.stm32cube.ide.mcu.externaltools.gnu-tools-for-stm32.7-2018-q2-update.win32_1.5.0.202011040924/tools/bin/../lib/gcc/arm-none-eabi/7.3.1/thumb/v6-m/crtbegin.o

.rodata         0x000000000800b920      0x840
                0x000000000800b920                . = ALIGN (0x4)
 *(.rodata)
 .rodata        0x000000000800b920       0x32 Core/Src/can.o
 *fill*         0x000000000800b952        0x2 
 .rodata        0x000000000800b954       0x26 Core/Src/main.o
 *fill*         0x000000000800b97a        0x2 
 .rodata        0x000000000800b97c       0x20 Drivers/STM32F0xx_HAL_Driver/Src/stm32f0xx_hal_rcc.o
 .rodata        0x000000000800b99c       0x53 lds_code/HAL/lds_hal_can.o
 *fill*         0x000000000800b9ef        0x1 
 .rodata        0x000000000800b9f0       0x7e lds_code/LBus/lds_LBus_basic_func.o
 *fill*         0x000000000800ba6e        0x2 
 .rodata        0x000000000800ba70       0x57 lds_code/LBus/lds_LBus_func.o
 *fill*         0x000000000800bac7        0x1 
 .rodata        0x000000000800bac8       0x10 lds_code/app/lds_LBusSubDev.o
 .rodata        0x000000000800bad8      0x29f lds_code/buttonApp/lds_buttonApp.o
 *fill*         0x000000000800bd77        0x1 
 .rodata        0x000000000800bd78       0x40 c:/st/stm32cubeide_1.4.0/stm32cubeide/plugins/com.st.stm32cube.ide.mcu.externaltools.gnu-tools-for-stm32.7-2018-q2-update.win32_1.5.0.202011040924/tools/bin/../lib/gcc/arm-none-eabi/7.3.1/thumb/v6-m\libgcc.a(divdf3.o)
 .rodata        0x000000000800bdb8       0x40 c:/st/stm32cubeide_1.4.0/stm32cubeide/plugins/com.st.stm32cube.ide.mcu.externaltools.gnu-tools-for-stm32.7-2018-q2-update.win32_1.5.0.202011040924/tools/bin/../lib/gcc/arm-none-eabi/7.3.1/thumb/v6-m\libgcc.a(muldf3.o)
 *(.rodata*)
 .rodata.AHBPrescTable
                0x000000000800bdf8       0x10 Core/Src/system_stm32f0xx.o
                0x000000000800bdf8                AHBPrescTable
 .rodata.APBPrescTable
                0x000000000800be08        0x8 Core/Src/system_stm32f0xx.o
                0x000000000800be08                APBPrescTable
 .rodata.LBus_func_decode
                0x000000000800be10       0x90 lds_code/LBus/lds_LBus_func.o
 .rodata._global_impure_ptr
                0x000000000800bea0        0x4 c:/st/stm32cubeide_1.4.0/stm32cubeide/plugins/com.st.stm32cube.ide.mcu.externaltools.gnu-tools-for-stm32.7-2018-q2-update.win32_1.5.0.202011040924/tools/bin/../lib/gcc/arm-none-eabi/7.3.1/../../../../arm-none-eabi/lib/thumb/v6-m\libc_nano.a(lib_a-impure.o)
                0x000000000800bea0                _global_impure_ptr
 .rodata._printf_float.str1.1
                0x000000000800bea4       0x12 c:/st/stm32cubeide_1.4.0/stm32cubeide/plugins/com.st.stm32cube.ide.mcu.externaltools.gnu-tools-for-stm32.7-2018-q2-update.win32_1.5.0.202011040924/tools/bin/../lib/gcc/arm-none-eabi/7.3.1/../../../../arm-none-eabi/lib/thumb/v6-m\libc_nano.a(lib_a-nano-vfprintf_float.o)
 .rodata._printf_i.str1.1
                0x000000000800beb6       0x22 c:/st/stm32cubeide_1.4.0/stm32cubeide/plugins/com.st.stm32cube.ide.mcu.externaltools.gnu-tools-for-stm32.7-2018-q2-update.win32_1.5.0.202011040924/tools/bin/../lib/gcc/arm-none-eabi/7.3.1/../../../../arm-none-eabi/lib/thumb/v6-m\libc_nano.a(lib_a-nano-vfprintf_i.o)
 .rodata._dtoa_r.str1.1
                0x000000000800bed8        0xd c:/st/stm32cubeide_1.4.0/stm32cubeide/plugins/com.st.stm32cube.ide.mcu.externaltools.gnu-tools-for-stm32.7-2018-q2-update.win32_1.5.0.202011040924/tools/bin/../lib/gcc/arm-none-eabi/7.3.1/../../../../arm-none-eabi/lib/thumb/v6-m\libc_nano.a(lib_a-dtoa.o)
                                          0xf (size before relaxing)
 *fill*         0x000000000800bee5        0x3 
 .rodata.__sf_fake_stderr
                0x000000000800bee8       0x20 c:/st/stm32cubeide_1.4.0/stm32cubeide/plugins/com.st.stm32cube.ide.mcu.externaltools.gnu-tools-for-stm32.7-2018-q2-update.win32_1.5.0.202011040924/tools/bin/../lib/gcc/arm-none-eabi/7.3.1/../../../../arm-none-eabi/lib/thumb/v6-m\libc_nano.a(lib_a-findfp.o)
                0x000000000800bee8                __sf_fake_stderr
 .rodata.__sf_fake_stdin
                0x000000000800bf08       0x20 c:/st/stm32cubeide_1.4.0/stm32cubeide/plugins/com.st.stm32cube.ide.mcu.externaltools.gnu-tools-for-stm32.7-2018-q2-update.win32_1.5.0.202011040924/tools/bin/../lib/gcc/arm-none-eabi/7.3.1/../../../../arm-none-eabi/lib/thumb/v6-m\libc_nano.a(lib_a-findfp.o)
                0x000000000800bf08                __sf_fake_stdin
 .rodata.__sf_fake_stdout
                0x000000000800bf28       0x20 c:/st/stm32cubeide_1.4.0/stm32cubeide/plugins/com.st.stm32cube.ide.mcu.externaltools.gnu-tools-for-stm32.7-2018-q2-update.win32_1.5.0.202011040924/tools/bin/../lib/gcc/arm-none-eabi/7.3.1/../../../../arm-none-eabi/lib/thumb/v6-m\libc_nano.a(lib_a-findfp.o)
                0x000000000800bf28                __sf_fake_stdout
 .rodata.__mprec_bigtens
                0x000000000800bf48       0x28 c:/st/stm32cubeide_1.4.0/stm32cubeide/plugins/com.st.stm32cube.ide.mcu.externaltools.gnu-tools-for-stm32.7-2018-q2-update.win32_1.5.0.202011040924/tools/bin/../lib/gcc/arm-none-eabi/7.3.1/../../../../arm-none-eabi/lib/thumb/v6-m\libc_nano.a(lib_a-mprec.o)
                0x000000000800bf48                __mprec_bigtens
 .rodata.__mprec_tens
                0x000000000800bf70       0xc8 c:/st/stm32cubeide_1.4.0/stm32cubeide/plugins/com.st.stm32cube.ide.mcu.externaltools.gnu-tools-for-stm32.7-2018-q2-update.win32_1.5.0.202011040924/tools/bin/../lib/gcc/arm-none-eabi/7.3.1/../../../../arm-none-eabi/lib/thumb/v6-m\libc_nano.a(lib_a-mprec.o)
                0x000000000800bf70                __mprec_tens
 .rodata.p05.6084
                0x000000000800c038        0xc c:/st/stm32cubeide_1.4.0/stm32cubeide/plugins/com.st.stm32cube.ide.mcu.externaltools.gnu-tools-for-stm32.7-2018-q2-update.win32_1.5.0.202011040924/tools/bin/../lib/gcc/arm-none-eabi/7.3.1/../../../../arm-none-eabi/lib/thumb/v6-m\libc_nano.a(lib_a-mprec.o)
 .rodata._vfprintf_r.str1.1
                0x000000000800c044       0x11 c:/st/stm32cubeide_1.4.0/stm32cubeide/plugins/com.st.stm32cube.ide.mcu.externaltools.gnu-tools-for-stm32.7-2018-q2-update.win32_1.5.0.202011040924/tools/bin/../lib/gcc/arm-none-eabi/7.3.1/../../../../arm-none-eabi/lib/thumb/v6-m\libc_nano.a(lib_a-nano-vfprintf.o)
 .rodata._setlocale_r.str1.1
                0x000000000800c055        0x8 c:/st/stm32cubeide_1.4.0/stm32cubeide/plugins/com.st.stm32cube.ide.mcu.externaltools.gnu-tools-for-stm32.7-2018-q2-update.win32_1.5.0.202011040924/tools/bin/../lib/gcc/arm-none-eabi/7.3.1/../../../../arm-none-eabi/lib/thumb/v6-m\libc_nano.a(lib_a-locale.o)
                                          0x9 (size before relaxing)
 .rodata.str1.1
                0x000000000800c05d        0x2 c:/st/stm32cubeide_1.4.0/stm32cubeide/plugins/com.st.stm32cube.ide.mcu.externaltools.gnu-tools-for-stm32.7-2018-q2-update.win32_1.5.0.202011040924/tools/bin/../lib/gcc/arm-none-eabi/7.3.1/../../../../arm-none-eabi/lib/thumb/v6-m\libc_nano.a(lib_a-locale.o)
 .rodata._ctype_
                0x000000000800c05f      0x101 c:/st/stm32cubeide_1.4.0/stm32cubeide/plugins/com.st.stm32cube.ide.mcu.externaltools.gnu-tools-for-stm32.7-2018-q2-update.win32_1.5.0.202011040924/tools/bin/../lib/gcc/arm-none-eabi/7.3.1/../../../../arm-none-eabi/lib/thumb/v6-m\libc_nano.a(lib_a-ctype_.o)
                0x000000000800c05f                _ctype_
                0x000000000800c160                . = ALIGN (0x4)

.rel.dyn        0x000000000800c160        0x0
 .rel.iplt      0x000000000800c160        0x0 c:/st/stm32cubeide_1.4.0/stm32cubeide/plugins/com.st.stm32cube.ide.mcu.externaltools.gnu-tools-for-stm32.7-2018-q2-update.win32_1.5.0.202011040924/tools/bin/../lib/gcc/arm-none-eabi/7.3.1/thumb/v6-m/crtbegin.o

.ARM.extab      0x000000000800c160        0x0
                0x000000000800c160                . = ALIGN (0x4)
 *(.ARM.extab* .gnu.linkonce.armextab.*)
                0x000000000800c160                . = ALIGN (0x4)

.ARM            0x000000000800c160        0x0
                0x000000000800c160                . = ALIGN (0x4)
                0x000000000800c160                __exidx_start = .
 *(.ARM.exidx*)
                0x000000000800c160                __exidx_end = .
                0x000000000800c160                . = ALIGN (0x4)

.preinit_array  0x000000000800c160        0x0
                0x000000000800c160                . = ALIGN (0x4)
                0x000000000800c160                PROVIDE (__preinit_array_start = .)
 *(.preinit_array*)
                0x000000000800c160                PROVIDE (__preinit_array_end = .)
                0x000000000800c160                . = ALIGN (0x4)

.init_array     0x000000000800c160        0x4
                0x000000000800c160                . = ALIGN (0x4)
                0x000000000800c160                PROVIDE (__init_array_start = .)
 *(SORT_BY_NAME(.init_array.*))
 *(.init_array*)
 .init_array    0x000000000800c160        0x4 c:/st/stm32cubeide_1.4.0/stm32cubeide/plugins/com.st.stm32cube.ide.mcu.externaltools.gnu-tools-for-stm32.7-2018-q2-update.win32_1.5.0.202011040924/tools/bin/../lib/gcc/arm-none-eabi/7.3.1/thumb/v6-m/crtbegin.o
                0x000000000800c164                PROVIDE (__init_array_end = .)
                0x000000000800c164                . = ALIGN (0x4)

.fini_array     0x000000000800c164        0x4
                0x000000000800c164                . = ALIGN (0x4)
                [!provide]                        PROVIDE (__fini_array_start = .)
 *(SORT_BY_NAME(.fini_array.*))
 *(.fini_array*)
 .fini_array    0x000000000800c164        0x4 c:/st/stm32cubeide_1.4.0/stm32cubeide/plugins/com.st.stm32cube.ide.mcu.externaltools.gnu-tools-for-stm32.7-2018-q2-update.win32_1.5.0.202011040924/tools/bin/../lib/gcc/arm-none-eabi/7.3.1/thumb/v6-m/crtbegin.o
                [!provide]                        PROVIDE (__fini_array_end = .)
                0x000000000800c168                . = ALIGN (0x4)
                0x000000000800c168                _sidata = LOADADDR (.data)

.data           0x0000000020000000      0x204 load address 0x000000000800c168
                0x0000000020000000                . = ALIGN (0x4)
                0x0000000020000000                _sdata = .
 *(.data)
 *(.data*)
 .data.pcDataBuf
                0x0000000020000000        0x8 Core/Src/main.o
                0x0000000020000000                pcDataBuf
 .data.SystemCoreClock
                0x0000000020000008        0x4 Core/Src/system_stm32f0xx.o
                0x0000000020000008                SystemCoreClock
 .data.uwTickPrio
                0x000000002000000c        0x4 Drivers/STM32F0xx_HAL_Driver/Src/stm32f0xx_hal.o
                0x000000002000000c                uwTickPrio
 .data.uwTickFreq
                0x0000000020000010        0x1 Drivers/STM32F0xx_HAL_Driver/Src/stm32f0xx_hal.o
                0x0000000020000010                uwTickFreq
 *fill*         0x0000000020000011        0x3 
 .data.gpstSystemInfo
                0x0000000020000014        0x4 lds_code/app/lds_LBus_system.o
                0x0000000020000014                gpstSystemInfo
 .data.gpstDevicePra
                0x0000000020000018        0x4 lds_code/app/lds_LBus_system.o
                0x0000000020000018                gpstDevicePra
 .data.paReadPin
                0x000000002000001c       0x18 lds_code/buttonApp/lds_buttonApp.o
 .data._impure_ptr
                0x0000000020000034        0x4 c:/st/stm32cubeide_1.4.0/stm32cubeide/plugins/com.st.stm32cube.ide.mcu.externaltools.gnu-tools-for-stm32.7-2018-q2-update.win32_1.5.0.202011040924/tools/bin/../lib/gcc/arm-none-eabi/7.3.1/../../../../arm-none-eabi/lib/thumb/v6-m\libc_nano.a(lib_a-impure.o)
                0x0000000020000034                _impure_ptr
 .data.impure_data
                0x0000000020000038       0x60 c:/st/stm32cubeide_1.4.0/stm32cubeide/plugins/com.st.stm32cube.ide.mcu.externaltools.gnu-tools-for-stm32.7-2018-q2-update.win32_1.5.0.202011040924/tools/bin/../lib/gcc/arm-none-eabi/7.3.1/../../../../arm-none-eabi/lib/thumb/v6-m\libc_nano.a(lib_a-impure.o)
 .data.__global_locale
                0x0000000020000098      0x16c c:/st/stm32cubeide_1.4.0/stm32cubeide/plugins/com.st.stm32cube.ide.mcu.externaltools.gnu-tools-for-stm32.7-2018-q2-update.win32_1.5.0.202011040924/tools/bin/../lib/gcc/arm-none-eabi/7.3.1/../../../../arm-none-eabi/lib/thumb/v6-m\libc_nano.a(lib_a-locale.o)
                0x0000000020000098                __global_locale
                0x0000000020000204                . = ALIGN (0x4)
                0x0000000020000204                _edata = .

.igot.plt       0x0000000020000204        0x0 load address 0x000000000800c36c
 .igot.plt      0x0000000020000204        0x0 c:/st/stm32cubeide_1.4.0/stm32cubeide/plugins/com.st.stm32cube.ide.mcu.externaltools.gnu-tools-for-stm32.7-2018-q2-update.win32_1.5.0.202011040924/tools/bin/../lib/gcc/arm-none-eabi/7.3.1/thumb/v6-m/crtbegin.o
                0x0000000020000204                . = ALIGN (0x4)

.bss            0x0000000020000208     0x1a08 load address 0x000000000800c36c
                0x0000000020000208                _sbss = .
                0x0000000020000208                __bss_start__ = _sbss
 *(.bss)
 .bss           0x0000000020000208       0x1c c:/st/stm32cubeide_1.4.0/stm32cubeide/plugins/com.st.stm32cube.ide.mcu.externaltools.gnu-tools-for-stm32.7-2018-q2-update.win32_1.5.0.202011040924/tools/bin/../lib/gcc/arm-none-eabi/7.3.1/thumb/v6-m/crtbegin.o
 *(.bss*)
 .bss.__sbrk_heap_end
                0x0000000020000224        0x4 Core/Src/sysmem.o
 .bss.EraseInitStruct.7750
                0x0000000020000228        0xc lds_code/HAL/lds_hal_flash.o
 .bss.ucfeedbackData.7752
                0x0000000020000234        0x8 lds_code/LBus/lds_LBus_basic_func.o
 .bss.tick_time.7798
                0x000000002000023c        0x4 lds_code/LBus/lds_LBus_basic_func.o
 .bss.timeOutFlag.7797
                0x0000000020000240        0x1 lds_code/LBus/lds_LBus_basic_func.o
 *fill*         0x0000000020000241        0x3 
 .bss.uiUpdataNum.7794
                0x0000000020000244        0x4 lds_code/LBus/lds_LBus_basic_func.o
 .bss.uiUpdataAllSize.7795
                0x0000000020000248        0x4 lds_code/LBus/lds_LBus_basic_func.o
 .bss.UcUpdataPacketStamp.7793
                0x000000002000024c        0x1 lds_code/LBus/lds_LBus_basic_func.o
 *fill*         0x000000002000024d        0x1 
 .bss.usAllUpdataVerify.7796
                0x000000002000024e        0x2 lds_code/LBus/lds_LBus_basic_func.o
 .bss.sastLBusTxBuf
                0x0000000020000250      0x644 lds_code/LBus/lds_LBus_func.o
 .bss.sastLBusTxBufEmerg
                0x0000000020000894      0x644 lds_code/LBus/lds_LBus_func.o
 .bss.sastLBusRxBuf
                0x0000000020000ed8      0x644 lds_code/LBus/lds_LBus_func.o
 .bss.sstButtonPara
                0x000000002000151c       0x34 lds_code/buttonApp/lds_buttonApp.o
 .bss.c10msCnt.7913
                0x0000000020001550        0x1 lds_code/buttonApp/lds_buttonApp.o
 *fill*         0x0000000020001551        0x3 
 .bss.satLedPara
                0x0000000020001554      0x1e0 lds_code/ledApp/lds_ledApp.o
 .bss.satLedParaBuf
                0x0000000020001734      0x1e0 lds_code/ledApp/lds_ledApp.o
 .bss.stTimerPara
                0x0000000020001914       0xb4 lds_code/timerApp/lds_timerApp.o
 .bss.__malloc_free_list
                0x00000000200019c8        0x4 c:/st/stm32cubeide_1.4.0/stm32cubeide/plugins/com.st.stm32cube.ide.mcu.externaltools.gnu-tools-for-stm32.7-2018-q2-update.win32_1.5.0.202011040924/tools/bin/../lib/gcc/arm-none-eabi/7.3.1/../../../../arm-none-eabi/lib/thumb/v6-m\libc_nano.a(lib_a-nano-mallocr.o)
                0x00000000200019c8                __malloc_free_list
 .bss.__malloc_sbrk_start
                0x00000000200019cc        0x4 c:/st/stm32cubeide_1.4.0/stm32cubeide/plugins/com.st.stm32cube.ide.mcu.externaltools.gnu-tools-for-stm32.7-2018-q2-update.win32_1.5.0.202011040924/tools/bin/../lib/gcc/arm-none-eabi/7.3.1/../../../../arm-none-eabi/lib/thumb/v6-m\libc_nano.a(lib_a-nano-mallocr.o)
                0x00000000200019cc                __malloc_sbrk_start
 *(COMMON)
 COMMON         0x00000000200019d0       0x84 Core/Src/can.o
                0x00000000200019d0                stCanTxMeg
                0x00000000200019e8                stCanRxMeg
                0x0000000020001a04                hcan
                0x0000000020001a2c                stFilterConfig
 COMMON         0x0000000020001a54        0x4 Core/Src/main.o
                0x0000000020001a54                uiSendMail
 COMMON         0x0000000020001a58        0x4 Core/Src/retarget.o
                0x0000000020001a58                gHuart
 COMMON         0x0000000020001a5c       0x40 Core/Src/tim.o
                0x0000000020001a5c                htim1
 COMMON         0x0000000020001a9c      0x100 Core/Src/usart.o
                0x0000000020001a9c                huart1
                0x0000000020001b1c                huart4
 COMMON         0x0000000020001b9c        0x4 Drivers/STM32F0xx_HAL_Driver/Src/stm32f0xx_hal.o
                0x0000000020001b9c                uwTick
 COMMON         0x0000000020001ba0       0x20 Drivers/STM32F0xx_HAL_Driver/Src/stm32f0xx_hal_flash.o
                0x0000000020001ba0                pFlash
 COMMON         0x0000000020001bc0       0x4c lds_code/app/lds_LBus_system.o
                0x0000000020001bc0                stDevicePra
                0x0000000020001bc4                stSystemInfo