lds_hal_gpio.c:11:6:hal_gpio_init	8	static
lds_hal_gpio.c:15:6:hal_gpio_deInit	16	static
lds_hal_gpio.c:19:6:hal_gpio_setPinLevel	16	static
lds_hal_gpio.c:23:13:hal_gpio_getPinLevel	16	static
lds_hal_gpio.c:32:6:hal_gpio_togPinLevel	16	static
lds_hal_gpio.c:86:6:hal_gpio_greenLedOn_1	8	static
lds_hal_gpio.c:89:6:hal_gpio_greenLedOn_2	8	static
lds_hal_gpio.c:92:6:hal_gpio_greenLedOn_3	8	static
lds_hal_gpio.c:95:6:hal_gpio_greenLedOn_4	8	static
lds_hal_gpio.c:98:6:hal_gpio_greenLedOn_5	8	static
lds_hal_gpio.c:101:6:hal_gpio_greenLedOn_6	8	static
lds_hal_gpio.c:106:6:hal_gpio_greenLedOff_1	8	static
lds_hal_gpio.c:109:6:hal_gpio_greenLedOff_2	8	static
lds_hal_gpio.c:112:6:hal_gpio_greenLedOff_3	8	static
lds_hal_gpio.c:115:6:hal_gpio_greenLedOff_4	8	static
lds_hal_gpio.c:118:6:hal_gpio_greenLedOff_5	8	static
lds_hal_gpio.c:121:6:hal_gpio_greenLedOff_6	8	static
lds_hal_gpio.c:125:9:hal_gpio_getGreenLedStat_1	8	static
lds_hal_gpio.c:133:9:hal_gpio_getGreenLedStat_2	8	static
lds_hal_gpio.c:141:9:hal_gpio_getGreenLedStat_3	8	static
lds_hal_gpio.c:149:9:hal_gpio_getGreenLedStat_4	8	static
lds_hal_gpio.c:157:9:hal_gpio_getGreenLedStat_5	8	static
lds_hal_gpio.c:165:9:hal_gpio_getGreenLedStat_6	8	static
lds_hal_gpio.c:177:6:hal_gpio_redLedOn_1	8	static
lds_hal_gpio.c:180:6:hal_gpio_redLedOn_2	8	static
lds_hal_gpio.c:183:6:hal_gpio_redLedOn_3	8	static
lds_hal_gpio.c:186:6:hal_gpio_redLedOn_4	8	static
lds_hal_gpio.c:189:6:hal_gpio_redLedOn_5	8	static
lds_hal_gpio.c:192:6:hal_gpio_redLedOn_6	8	static
lds_hal_gpio.c:198:6:hal_gpio_redLedOff_1	8	static
lds_hal_gpio.c:201:6:hal_gpio_redLedOff_2	8	static
lds_hal_gpio.c:204:6:hal_gpio_redLedOff_3	8	static
lds_hal_gpio.c:207:6:hal_gpio_redLedOff_4	8	static
lds_hal_gpio.c:210:6:hal_gpio_redLedOff_5	8	static
lds_hal_gpio.c:213:6:hal_gpio_redLedOff_6	8	static
lds_hal_gpio.c:218:9:hal_gpio_getRedLedStat_1	8	static
lds_hal_gpio.c:226:9:hal_gpio_getRedLedStat_2	8	static
lds_hal_gpio.c:234:9:hal_gpio_getRedLedStat_3	8	static
lds_hal_gpio.c:242:9:hal_gpio_getRedLedStat_4	8	static
lds_hal_gpio.c:250:9:hal_gpio_getRedLedStat_5	8	static
lds_hal_gpio.c:258:9:hal_gpio_getRedLedStat_6	8	static
lds_hal_gpio.c:268:9:hal_gpio_getButtonStat_1	8	static
lds_hal_gpio.c:276:9:hal_gpio_getButtonStat_2	8	static
lds_hal_gpio.c:283:10:hal_gpio_getButtonStat_3	8	static
lds_hal_gpio.c:291:9:hal_gpio_getButtonStat_4	8	static
lds_hal_gpio.c:299:9:hal_gpio_getButtonStat_5	8	static
lds_hal_gpio.c:307:9:hal_gpio_getButtonStat_6	8	static
